[LCM] OK      pre-loading the 7 tool(s) Pi sends (10 are registered; switched off and correctly left out: grep, find, ls)
[LCM] OK      summarising chunks as they close, so compaction will be near-instant (using your configured summariser, not your main model)
[LCM] detail  could not verify the server's context window (/props and /upstream/glm-5.3-flash/props both unreachable from http://localhost:8099) - the contextWindow-vs-server check was skipped
[LCM] detail  summariser "fast/npu-summarise" returned an error (Connection error.) - skipping it
[LCM] OK      summarised 1 chunk(s) in the background - compaction will be quicker
[LCM] detail  summariser "fast/npu-summarise" returned an error (Connection error.) - skipping it
[LCM] OK      summarised 1 chunk(s) in the background - compaction will be quicker
[LCM] detail  summariser "fast/npu-summarise" returned an error (Connection error.) - skipping it
[LCM] OK      summarised 1 chunk(s) in the background - compaction will be quicker
[LCM] detail  summariser "fast/npu-summarise" returned an error (Connection error.) - skipping it
[LCM] OK      summarised 1 chunk(s) in the background - compaction will be quicker
[LCM] detail  summariser "fast/npu-summarise" returned an error (Connection error.) - skipping it
[LCM] OK      summarised 1 chunk(s) in the background - compaction will be quicker
[LCM] detail  summariser "fast/npu-summarise" returned an error (Connection error.) - skipping it
[LCM] OK      summarised 1 chunk(s) in the background - compaction will be quicker
[LCM] detail  summariser "fast/npu-summarise" returned an error (Connection error.) - skipping it
[LCM] OK      summarised 1 chunk(s) in the background - compaction will be quicker
[LCM] detail  summariser "fast/npu-summarise" returned an error (Connection error.) - skipping it
[LCM] OK      summarised 1 chunk(s) in the background - compaction will be quicker
[LCM] detail  summariser "fast/npu-summarise" returned an error (Connection error.) - skipping it
[LCM] OK      summarised 1 chunk(s) in the background - compaction will be quicker
[LCM] detail  summariser "fast/npu-summarise" returned an error (Connection error.) - skipping it
[LCM] OK      summarised 1 chunk(s) in the background - compaction will be quicker
[LCM] detail  summariser "fast/npu-summarise" returned an error (Connection error.) - skipping it
[LCM] detail  summariser "fast/npu-summarise" returned an error (Connection error.) - skipping it
[LCM] OK      summarised 2 chunk(s) in the background - compaction will be quicker
[LCM] detail  summariser "fast/npu-summarise" returned an error (Connection error.) - skipping it
[LCM] detail  summariser "fast/npu-summarise" returned an error (Connection error.) - skipping it
[LCM] OK      summarised 2 chunk(s) in the background - compaction will be quicker
[LCM] detail  summariser "fast/npu-summarise" returned an error (Connection error.) - skipping it
[LCM] detail  summariser "fast/npu-summarise" returned an error (Connection error.) - skipping it
[LCM] OK      summarised 2 chunk(s) in the background - compaction will be quicker
[LCM] detail  summariser "fast/npu-summarise" returned an error (Connection error.) - skipping it
[LCM] detail  summariser "fast/npu-summarise" returned an error (Connection error.) - skipping it
[LCM] OK      summarised 2 chunk(s) in the background - compaction will be quicker
[LCM] detail  summariser "fast/npu-summarise" returned an error (Connection error.) - skipping it
[LCM] detail  summariser "fast/npu-summarise" returned an error (Connection error.) - skipping it
[LCM] detail  summariser "fast/npu-summarise" returned an error (Connection error.) - skipping it
[LCM] OK      summarised 3 chunk(s) in the background - compaction will be quicker
[LCM] detail  summariser "fast/npu-summarise" returned an error (Connection error.) - skipping it
[LCM] detail  summariser "fast/npu-summarise" returned an error (Connection error.) - skipping it
[LCM] detail  summariser "fast/npu-summarise" returned an error (Connection error.) - skipping it
[LCM] OK      summarised 3 chunk(s) in the background - compaction will be quicker
[LCM] detail  summariser "fast/npu-summarise" returned an error (Connection error.) - skipping it
[LCM] detail  summariser "fast/npu-summarise" returned an error (Connection error.) - skipping it
[LCM] detail  summariser "fast/npu-summarise" returned an error (Connection error.) - skipping it
[LCM] OK      summarised 3 chunk(s) in the background - compaction will be quicker
[LCM] detail  summariser "fast/npu-summarise" returned an error (Connection error.) - skipping it
[LCM] detail  summariser "fast/npu-summarise" returned an error (Connection error.) - skipping it
[LCM] detail  summariser "fast/npu-summarise" returned an error (Connection error.) - skipping it
[LCM] detail  summariser "fast/npu-summarise" returned an error (Connection error.) - skipping it
[LCM] OK      summarised 4 chunk(s) in the background - compaction will be quicker
[LCM] detail  summariser "fast/npu-summarise" returned an error (Connection error.) - skipping it
[LCM] detail  summariser "fast/npu-summarise" returned an error (Connection error.) - skipping it
[LCM] detail  summariser "fast/npu-summarise" returned an error (Connection error.) - skipping it
[LCM] detail  summariser "fast/npu-summarise" returned an error (Connection error.) - skipping it
[LCM] OK      summarised 4 chunk(s) in the background - compaction will be quicker
[LCM] detail  summariser "fast/npu-summarise" returned an error (Connection error.) - skipping it
[LCM] detail  summariser "fast/npu-summarise" returned an error (Connection error.) - skipping it
[LCM] detail  summariser "fast/npu-summarise" returned an error (Connection error.) - skipping it
[LCM] detail  summariser "fast/npu-summarise" returned an error (Connection error.) - skipping it
[LCM] OK      summarised 4 chunk(s) in the background - compaction will be quicker
[LCM] detail  summariser "fast/npu-summarise" returned an error (Connection error.) - skipping it
[LCM] detail  summariser "fast/npu-summarise" returned an error (Connection error.) - skipping it
[LCM] detail  summariser "fast/npu-summarise" returned an error (Connection error.) - skipping it
[LCM] detail  summariser "fast/npu-summarise" returned an error (Connection error.) - skipping it
[LCM] OK      summarised 4 chunk(s) in the background - compaction will be quicker
[LCM] detail  summariser "fast/npu-summarise" returned an error (Connection error.) - skipping it
[LCM] detail  summariser "fast/npu-summarise" returned an error (Connection error.) - skipping it
[LCM] detail  summariser "fast/npu-summarise" returned an error (Connection error.) - skipping it
[LCM] detail  summariser "fast/npu-summarise" returned an error (Connection error.) - skipping it
[LCM] OK      summarised 4 chunk(s) in the background - compaction will be quicker
[LCM] detail  summariser "fast/npu-summarise" returned an error (Connection error.) - skipping it
[LCM] detail  summariser "fast/npu-summarise" returned an error (Connection error.) - skipping it
[LCM] detail  summariser "fast/npu-summarise" returned an error (Connection error.) - skipping it
[LCM] detail  summariser "fast/npu-summarise" returned an error (Connection error.) - skipping it
[LCM] OK      summarised 4 chunk(s) in the background - compaction will be quicker
[LCM] detail  summariser "fast/npu-summarise" returned an error (Connection error.) - skipping it
[LCM] detail  summariser "fast/npu-summarise" returned an error (Connection error.) - skipping it
[LCM] detail  summariser "fast/npu-summarise" returned an error (Connection error.) - skipping it
[LCM] detail  summariser "fast/npu-summarise" returned an error (Connection error.) - skipping it
[LCM] OK      summarised 4 chunk(s) in the background - compaction will be quicker
[LCM] detail  summariser "fast/npu-summarise" returned an error (Connection error.) - skipping it
[LCM] detail  summariser "fast/npu-summarise" returned an error (Connection error.) - skipping it
[LCM] detail  summariser "fast/npu-summarise" returned an error (Connection error.) - skipping it
[LCM] detail  summariser "fast/npu-summarise" returned an error (Connection error.) - skipping it
[LCM] OK      summarised 4 chunk(s) in the background - compaction will be quicker
[LCM] detail  summariser "fast/npu-summarise" returned an error (Connection error.) - skipping it
[LCM] detail  summariser "fast/npu-summarise" returned an error (Connection error.) - skipping it
[LCM] detail  summariser "fast/npu-summarise" returned an error (Connection error.) - skipping it
[LCM] detail  summariser "fast/npu-summarise" returned an error (Connection error.) - skipping it
[LCM] OK      summarised 4 chunk(s) in the background - compaction will be quicker
[LCM] detail  summariser "fast/npu-summarise" returned an error (Connection error.) - skipping it
[LCM] detail  summariser "fast/npu-summarise" returned an error (Connection error.) - skipping it
[LCM] detail  summariser "fast/npu-summarise" returned an error (Connection error.) - skipping it
[LCM] detail  summariser "fast/npu-summarise" returned an error (Connection error.) - skipping it
[LCM] OK      summarised 4 chunk(s) in the background - compaction will be quicker
[LCM] detail  summariser "fast/npu-summarise" returned an error (Connection error.) - skipping it
[LCM] detail  summariser "fast/npu-summarise" returned an error (Connection error.) - skipping it
[LCM] detail  summariser "fast/npu-summarise" returned an error (Connection error.) - skipping it
[LCM] detail  summariser "fast/npu-summarise" returned an error (Connection error.) - skipping it
[LCM] OK      summarised 4 chunk(s) in the background - compaction will be quicker
[LCM] detail  summariser "fast/npu-summarise" returned an error (Connection error.) - skipping it
[LCM] detail  summariser "fast/npu-summarise" returned an error (Connection error.) - skipping it
[LCM] detail  summariser "fast/npu-summarise" returned an error (Connection error.) - skipping it
[LCM] detail  summariser "fast/npu-summarise" returned an error (Connection error.) - skipping it
[LCM] OK      summarised 4 chunk(s) in the background - compaction will be quicker
[LCM] detail  summariser "fast/npu-summarise" returned an error (Connection error.) - skipping it
[LCM] detail  summariser "fast/npu-summarise" returned an error (Connection error.) - skipping it
[LCM] detail  summariser "fast/npu-summarise" returned an error (Connection error.) - skipping it
[LCM] detail  summariser "fast/npu-summarise" returned an error (Connection error.) - skipping it
[LCM] OK      summarised 4 chunk(s) in the background - compaction will be quicker
[LCM] detail  summariser "fast/npu-summarise" returned an error (Connection error.) - skipping it
[LCM] detail  summariser "fast/npu-summarise" returned an error (Connection error.) - skipping it
[LCM] detail  summariser "fast/npu-summarise" returned an error (Connection error.) - skipping it
[LCM] detail  summariser "fast/npu-summarise" returned an error (Connection error.) - skipping it
[LCM] OK      summarised 4 chunk(s) in the background - compaction will be quicker
[LCM] detail  summariser "fast/npu-summarise" returned an error (Connection error.) - skipping it
[LCM] detail  summariser "fast/npu-summarise" returned an error (Connection error.) - skipping it
[LCM] detail  summariser "fast/npu-summarise" returned an error (Connection error.) - skipping it
[LCM] detail  summariser "fast/npu-summarise" returned an error (Connection error.) - skipping it
[LCM] OK      summarised 4 chunk(s) in the background - compaction will be quicker
[LCM] detail  summariser "fast/npu-summarise" returned an error (Connection error.) - skipping it
[LCM] detail  summariser "fast/npu-summarise" returned an error (Connection error.) - skipping it
[LCM] detail  summariser "fast/npu-summarise" returned an error (Connection error.) - skipping it
[LCM] detail  summariser "fast/npu-summarise" returned an error (Connection error.) - skipping it
[LCM] OK      summarised 4 chunk(s) in the background - compaction will be quicker
[LCM] detail  summariser "fast/npu-summarise" returned an error (Connection error.) - skipping it
[LCM] detail  summariser "fast/npu-summarise" returned an error (Connection error.) - skipping it
[LCM] detail  summariser "fast/npu-summarise" returned an error (Connection error.) - skipping it
[LCM] detail  summariser "fast/npu-summarise" returned an error (Connection error.) - skipping it
[LCM] OK      summarised 4 chunk(s) in the background - compaction will be quicker
[LCM] detail  summariser "fast/npu-summarise" returned an error (Connection error.) - skipping it
[LCM] detail  summariser "fast/npu-summarise" returned an error (Connection error.) - skipping it
[LCM] detail  summariser "fast/npu-summarise" returned an error (Connection error.) - skipping it
[LCM] detail  summariser "fast/npu-summarise" returned an error (Connection error.) - skipping it
[LCM] detail  summariser "fast/npu-summarise" returned an error (Connection error.) - skipping it
[LCM] OK      summarised 5 chunk(s) in the background - compaction will be quicker
[LCM] detail  summariser "fast/npu-summarise" returned an error (Connection error.) - skipping it
[LCM] detail  summariser "fast/npu-summarise" returned an error (Connection error.) - skipping it
[LCM] detail  summariser "fast/npu-summarise" returned an error (Connection error.) - skipping it
[LCM] detail  summariser "fast/npu-summarise" returned an error (Connection error.) - skipping it
[LCM] detail  summariser "fast/npu-summarise" returned an error (Connection error.) - skipping it
[LCM] OK      summarised 5 chunk(s) in the background - compaction will be quicker
[LCM] detail  summariser "fast/npu-summarise" returned an error (Connection error.) - skipping it
[LCM] detail  summariser "fast/npu-summarise" returned an error (Connection error.) - skipping it
[LCM] detail  summariser "fast/npu-summarise" returned an error (Connection error.) - skipping it
[LCM] detail  summariser "fast/npu-summarise" returned an error (Connection error.) - skipping it
[LCM] detail  summariser "fast/npu-summarise" returned an error (Connection error.) - skipping it
[LCM] OK      summarised 5 chunk(s) in the background - compaction will be quicker
[LCM] detail  summariser "fast/npu-summarise" returned an error (Connection error.) - skipping it
[LCM] detail  summariser "fast/npu-summarise" returned an error (Connection error.) - skipping it
[LCM] detail  summariser "fast/npu-summarise" returned an error (Connection error.) - skipping it
[LCM] detail  summariser "fast/npu-summarise" returned an error (Connection error.) - skipping it
[LCM] detail  summariser "fast/npu-summarise" returned an error (Connection error.) - skipping it
[LCM] OK      summarised 5 chunk(s) in the background - compaction will be quicker
[LCM] detail  summariser "fast/npu-summarise" returned an error (Connection error.) - skipping it
[LCM] detail  summariser "fast/npu-summarise" returned an error (Connection error.) - skipping it
[LCM] detail  summariser "fast/npu-summarise" returned an error (Connection error.) - skipping it
[LCM] detail  summariser "fast/npu-summarise" returned an error (Connection error.) - skipping it
[LCM] detail  summariser "fast/npu-summarise" returned an error (Connection error.) - skipping it
[LCM] OK      summarised 5 chunk(s) in the background - compaction will be quicker
[LCM] detail  summariser "fast/npu-summarise" returned an error (Connection error.) - skipping it
[LCM] detail  summariser "fast/npu-summarise" returned an error (Connection error.) - skipping it
[LCM] detail  summariser "fast/npu-summarise" returned an error (Connection error.) - skipping it
[LCM] detail  summariser "fast/npu-summarise" returned an error (Connection error.) - skipping it
[LCM] detail  summariser "fast/npu-summarise" returned an error (Connection error.) - skipping it
[LCM] OK      summarised 5 chunk(s) in the background - compaction will be quicker
[LCM] detail  summariser "fast/npu-summarise" returned an error (Connection error.) - skipping it
[LCM] detail  summariser "fast/npu-summarise" returned an error (Connection error.) - skipping it
[LCM] detail  summariser "fast/npu-summarise" returned an error (Connection error.) - skipping it
[LCM] detail  summariser "fast/npu-summarise" returned an error (Connection error.) - skipping it
[LCM] detail  summariser "fast/npu-summarise" returned an error (Connection error.) - skipping it
[LCM] OK      summarised 5 chunk(s) in the background - compaction will be quicker
[LCM] detail  summariser "fast/npu-summarise" returned an error (Connection error.) - skipping it
[LCM] detail  summariser "fast/npu-summarise" returned an error (Connection error.) - skipping it
[LCM] detail  summariser "fast/npu-summarise" returned an error (Connection error.) - skipping it
[LCM] detail  summariser "fast/npu-summarise" returned an error (Connection error.) - skipping it
[LCM] detail  summariser "fast/npu-summarise" returned an error (Connection error.) - skipping it
[LCM] OK      summarised 5 chunk(s) in the background - compaction will be quicker
[LCM] detail  summariser "fast/npu-summarise" returned an error (Connection error.) - skipping it
[LCM] detail  summariser "fast/npu-summarise" returned an error (Connection error.) - skipping it
[LCM] detail  summariser "fast/npu-summarise" returned an error (Connection error.) - skipping it
[LCM] detail  summariser "fast/npu-summarise" returned an error (Connection error.) - skipping it
[LCM] detail  summariser "fast/npu-summarise" returned an error (Connection error.) - skipping it
[LCM] OK      summarised 5 chunk(s) in the background - compaction will be quicker
[LCM] detail  summariser "fast/npu-summarise" returned an error (Connection error.) - skipping it
[LCM] detail  summariser "fast/npu-summarise" returned an error (Connection error.) - skipping it
[LCM] detail  summariser "fast/npu-summarise" returned an error (Connection error.) - skipping it
[LCM] detail  summariser "fast/npu-summarise" returned an error (Connection error.) - skipping it
[LCM] detail  summariser "fast/npu-summarise" returned an error (Connection error.) - skipping it
[LCM] OK      summarised 5 chunk(s) in the background - compaction will be quicker
[LCM] detail  summariser "fast/npu-summarise" returned an error (Connection error.) - skipping it
[LCM] detail  summariser "fast/npu-summarise" returned an error (Connection error.) - skipping it
[LCM] detail  summariser "fast/npu-summarise" returned an error (Connection error.) - skipping it
[LCM] detail  summariser "fast/npu-summarise" returned an error (Connection error.) - skipping it
[LCM] detail  summariser "fast/npu-summarise" returned an error (Connection error.) - skipping it
[LCM] OK      summarised 5 chunk(s) in the background - compaction will be quicker
[LCM] detail  summariser "fast/npu-summarise" returned an error (Connection error.) - skipping it
[LCM] detail  summariser "fast/npu-summarise" returned an error (Connection error.) - skipping it
[LCM] detail  summariser "fast/npu-summarise" returned an error (Connection error.) - skipping it
[LCM] detail  summariser "fast/npu-summarise" returned an error (Connection error.) - skipping it
[LCM] detail  summariser "fast/npu-summarise" returned an error (Connection error.) - skipping it
[LCM] OK      summarised 5 chunk(s) in the background - compaction will be quicker
[LCM] detail  summariser "fast/npu-summarise" returned an error (Connection error.) - skipping it
[LCM] detail  summariser "fast/npu-summarise" returned an error (Connection error.) - skipping it
[LCM] detail  summariser "fast/npu-summarise" returned an error (Connection error.) - skipping it
[LCM] detail  summariser "fast/npu-summarise" returned an error (Connection error.) - skipping it
[LCM] detail  summariser "fast/npu-summarise" returned an error (Connection error.) - skipping it
[LCM] OK      summarised 5 chunk(s) in the background - compaction will be quicker
[LCM] detail  summariser "fast/npu-summarise" returned an error (Connection error.) - skipping it
[LCM] detail  summariser "fast/npu-summarise" returned an error (Connection error.) - skipping it
[LCM] detail  summariser "fast/npu-summarise" returned an error (Connection error.) - skipping it
[LCM] detail  summariser "fast/npu-summarise" returned an error (Connection error.) - skipping it
[LCM] detail  summariser "fast/npu-summarise" returned an error (Connection error.) - skipping it
[LCM] OK      summarised 5 chunk(s) in the background - compaction will be quicker
[LCM] detail  summariser "fast/npu-summarise" returned an error (Connection error.) - skipping it
[LCM] detail  summariser "fast/npu-summarise" returned an error (Connection error.) - skipping it
[LCM] detail  summariser "fast/npu-summarise" returned an error (Connection error.) - skipping it
[LCM] detail  summariser "fast/npu-summarise" returned an error (Connection error.) - skipping it
[LCM] detail  summariser "fast/npu-summarise" returned an error (Connection error.) - skipping it
[LCM] OK      summarised 5 chunk(s) in the background - compaction will be quicker
[LCM] detail  summariser "fast/npu-summarise" returned an error (Connection error.) - skipping it
[LCM] detail  summariser "fast/npu-summarise" returned an error (Connection error.) - skipping it
[LCM] detail  summariser "fast/npu-summarise" returned an error (Connection error.) - skipping it
[LCM] detail  summariser "fast/npu-summarise" returned an error (Connection error.) - skipping it
[LCM] detail  summariser "fast/npu-summarise" returned an error (Connection error.) - skipping it
[LCM] OK      summarised 5 chunk(s) in the background - compaction will be quicker
[LCM] detail  summariser "fast/npu-summarise" returned an error (Connection error.) - skipping it
[LCM] detail  summariser "fast/npu-summarise" returned an error (Connection error.) - skipping it
[LCM] detail  summariser "fast/npu-summarise" returned an error (Connection error.) - skipping it
[LCM] detail  summariser "fast/npu-summarise" returned an error (Connection error.) - skipping it
[LCM] detail  summariser "fast/npu-summarise" returned an error (Connection error.) - skipping it
[LCM] detail  summariser "fast/npu-summarise" returned an error (Connection error.) - skipping it
[LCM] OK      summarised 6 chunk(s) in the background - compaction will be quicker
[LCM] detail  summariser "fast/npu-summarise" returned an error (Connection error.) - skipping it
[LCM] detail  summariser "fast/npu-summarise" returned an error (Connection error.) - skipping it
[LCM] detail  summariser "fast/npu-summarise" returned an error (Connection error.) - skipping it
[LCM] detail  summariser "fast/npu-summarise" returned an error (Connection error.) - skipping it
[LCM] detail  summariser "fast/npu-summarise" returned an error (Connection error.) - skipping it
[LCM] detail  summariser "fast/npu-summarise" returned an error (Connection error.) - skipping it
[LCM] OK      summarised 6 chunk(s) in the background - compaction will be quicker
[LCM] detail  summariser "fast/npu-summarise" returned an error (Connection error.) - skipping it
[LCM] detail  summariser "fast/npu-summarise" returned an error (Connection error.) - skipping it
[LCM] detail  summariser "fast/npu-summarise" returned an error (Connection error.) - skipping it
[LCM] detail  summariser "fast/npu-summarise" returned an error (Connection error.) - skipping it
[LCM] detail  summariser "fast/npu-summarise" returned an error (Connection error.) - skipping it
[LCM] detail  summariser "fast/npu-summarise" returned an error (Connection error.) - skipping it
[LCM] OK      summarised 6 chunk(s) in the background - compaction will be quicker
[LCM] detail  summariser "fast/npu-summarise" returned an error (Connection error.) - skipping it
[LCM] detail  summariser "fast/npu-summarise" returned an error (Connection error.) - skipping it
[LCM] detail  summariser "fast/npu-summarise" returned an error (Connection error.) - skipping it
[LCM] detail  summariser "fast/npu-summarise" returned an error (Connection error.) - skipping it
[LCM] detail  summariser "fast/npu-summarise" returned an error (Connection error.) - skipping it
[LCM] detail  summariser "fast/npu-summarise" returned an error (Connection error.) - skipping it
[LCM] OK      summarised 6 chunk(s) in the background - compaction will be quicker
[LCM] detail  summariser "fast/npu-summarise" returned an error (Connection error.) - skipping it
[LCM] detail  summariser "fast/npu-summarise" returned an error (Connection error.) - skipping it
[LCM] detail  summariser "fast/npu-summarise" returned an error (Connection error.) - skipping it
[LCM] detail  summariser "fast/npu-summarise" returned an error (Connection error.) - skipping it
[LCM] detail  summariser "fast/npu-summarise" returned an error (Connection error.) - skipping it
[LCM] detail  summariser "fast/npu-summarise" returned an error (Connection error.) - skipping it
[LCM] OK      summarised 6 chunk(s) in the background - compaction will be quicker
[LCM] detail  summariser "fast/npu-summarise" returned an error (Connection error.) - skipping it
[LCM] detail  summariser "fast/npu-summarise" returned an error (Connection error.) - skipping it
[LCM] detail  summariser "fast/npu-summarise" returned an error (Connection error.) - skipping it
[LCM] detail  summariser "fast/npu-summarise" returned an error (Connection error.) - skipping it
[LCM] detail  summariser "fast/npu-summarise" returned an error (Connection error.) - skipping it
[LCM] detail  summariser "fast/npu-summarise" returned an error (Connection error.) - skipping it
[LCM] OK      summarised 6 chunk(s) in the background - compaction will be quicker
[LCM] detail  summariser "fast/npu-summarise" returned an error (Connection error.) - skipping it
[LCM] detail  summariser "fast/npu-summarise" returned an error (Connection error.) - skipping it
[LCM] detail  summariser "fast/npu-summarise" returned an error (Connection error.) - skipping it
[LCM] detail  summariser "fast/npu-summarise" returned an error (Connection error.) - skipping it
[LCM] detail  summariser "fast/npu-summarise" returned an error (Connection error.) - skipping it
[LCM] detail  summariser "fast/npu-summarise" returned an error (Connection error.) - skipping it
[LCM] OK      summarised 6 chunk(s) in the background - compaction will be quicker
[LCM] detail  summariser "fast/npu-summarise" returned an error (Connection error.) - skipping it
[LCM] detail  summariser "fast/npu-summarise" returned an error (Connection error.) - skipping it
[LCM] detail  summariser "fast/npu-summarise" returned an error (Connection error.) - skipping it
[LCM] detail  summariser "fast/npu-summarise" returned an error (Connection error.) - skipping it
[LCM] detail  summariser "fast/npu-summarise" returned an error (Connection error.) - skipping it
[LCM] detail  summariser "fast/npu-summarise" returned an error (Connection error.) - skipping it
[LCM] OK      summarised 6 chunk(s) in the background - compaction will be quicker
[LCM] detail  summariser "fast/npu-summarise" returned an error (Connection error.) - skipping it
[LCM] detail  summariser "fast/npu-summarise" returned an error (Connection error.) - skipping it
[LCM] detail  summariser "fast/npu-summarise" returned an error (Connection error.) - skipping it
[LCM] detail  summariser "fast/npu-summarise" returned an error (Connection error.) - skipping it
[LCM] detail  summariser "fast/npu-summarise" returned an error (Connection error.) - skipping it
[LCM] detail  summariser "fast/npu-summarise" returned an error (Connection error.) - skipping it
[LCM] OK      summarised 6 chunk(s) in the background - compaction will be quicker
[LCM] detail  summariser "fast/npu-summarise" returned an error (Connection error.) - skipping it
[LCM] detail  summariser "fast/npu-summarise" returned an error (Connection error.) - skipping it
[LCM] detail  summariser "fast/npu-summarise" returned an error (Connection error.) - skipping it
[LCM] detail  summariser "fast/npu-summarise" returned an error (Connection error.) - skipping it
[LCM] detail  summariser "fast/npu-summarise" returned an error (Connection error.) - skipping it
[LCM] detail  summariser "fast/npu-summarise" returned an error (Connection error.) - skipping it
[LCM] OK      summarised 6 chunk(s) in the background - compaction will be quicker
[LCM] detail  summariser "fast/npu-summarise" returned an error (Connection error.) - skipping it
[LCM] detail  summariser "fast/npu-summarise" returned an error (Connection error.) - skipping it
[LCM] detail  summariser "fast/npu-summarise" returned an error (Connection error.) - skipping it
[LCM] detail  summariser "fast/npu-summarise" returned an error (Connection error.) - skipping it
[LCM] detail  summariser "fast/npu-summarise" returned an error (Connection error.) - skipping it
[LCM] detail  summariser "fast/npu-summarise" returned an error (Connection error.) - skipping it
[LCM] OK      summarised 6 chunk(s) in the background - compaction will be quicker
[LCM] detail  summariser "fast/npu-summarise" returned an error (Connection error.) - skipping it
[LCM] detail  summariser "fast/npu-summarise" returned an error (Connection error.) - skipping it
[LCM] detail  summariser "fast/npu-summarise" returned an error (Connection error.) - skipping it
[LCM] detail  summariser "fast/npu-summarise" returned an error (Connection error.) - skipping it
[LCM] detail  summariser "fast/npu-summarise" returned an error (Connection error.) - skipping it
[LCM] detail  summariser "fast/npu-summarise" returned an error (Connection error.) - skipping it
[LCM] OK      summarised 6 chunk(s) in the background - compaction will be quicker
[LCM] detail  summariser "fast/npu-summarise" returned an error (Connection error.) - skipping it
[LCM] detail  summariser "fast/npu-summarise" returned an error (Connection error.) - skipping it
[LCM] detail  summariser "fast/npu-summarise" returned an error (Connection error.) - skipping it
[LCM] detail  summariser "fast/npu-summarise" returned an error (Connection error.) - skipping it
[LCM] detail  summariser "fast/npu-summarise" returned an error (Connection error.) - skipping it
[LCM] detail  summariser "fast/npu-summarise" returned an error (Connection error.) - skipping it
[LCM] OK      summarised 6 chunk(s) in the background - compaction will be quicker
[LCM] detail  summariser "fast/npu-summarise" returned an error (Connection error.) - skipping it
[LCM] detail  summariser "fast/npu-summarise" returned an error (Connection error.) - skipping it
[LCM] detail  summariser "fast/npu-summarise" returned an error (Connection error.) - skipping it
[LCM] detail  summariser "fast/npu-summarise" returned an error (Connection error.) - skipping it
[LCM] detail  summariser "fast/npu-summarise" returned an error (Connection error.) - skipping it
[LCM] detail  summariser "fast/npu-summarise" returned an error (Connection error.) - skipping it
[LCM] OK      summarised 6 chunk(s) in the background - compaction will be quicker
[LCM] detail  summariser "fast/npu-summarise" returned an error (Connection error.) - skipping it
[LCM] detail  summariser "fast/npu-summarise" returned an error (Connection error.) - skipping it
[LCM] detail  summariser "fast/npu-summarise" returned an error (Connection error.) - skipping it
[LCM] detail  summariser "fast/npu-summarise" returned an error (Connection error.) - skipping it
[LCM] detail  summariser "fast/npu-summarise" returned an error (Connection error.) - skipping it
[LCM] detail  summariser "fast/npu-summarise" returned an error (Connection error.) - skipping it
[LCM] OK      summarised 6 chunk(s) in the background - compaction will be quicker
[LCM] detail  summariser "fast/npu-summarise" returned an error (Connection error.) - skipping it
[LCM] detail  summariser "fast/npu-summarise" returned an error (Connection error.) - skipping it
[LCM] detail  summariser "fast/npu-summarise" returned an error (Connection error.) - skipping it
[LCM] detail  summariser "fast/npu-summarise" returned an error (Connection error.) - skipping it
[LCM] detail  summariser "fast/npu-summarise" returned an error (Connection error.) - skipping it
[LCM] detail  summariser "fast/npu-summarise" returned an error (Connection error.) - skipping it
[LCM] OK      summarised 6 chunk(s) in the background - compaction will be quicker
[LCM] detail  summariser "fast/npu-summarise" returned an error (Connection error.) - skipping it
[LCM] detail  summariser "fast/npu-summarise" returned an error (Connection error.) - skipping it
[LCM] detail  summariser "fast/npu-summarise" returned an error (Connection error.) - skipping it
[LCM] detail  summariser "fast/npu-summarise" returned an error (Connection error.) - skipping it
[LCM] detail  summariser "fast/npu-summarise" returned an error (Connection error.) - skipping it
[LCM] detail  summariser "fast/npu-summarise" returned an error (Connection error.) - skipping it
[LCM] OK      summarised 6 chunk(s) in the background - compaction will be quicker
[LCM] detail  summariser "fast/npu-summarise" returned an error (Connection error.) - skipping it
[LCM] detail  summariser "fast/npu-summarise" returned an error (Connection error.) - skipping it
[LCM] detail  summariser "fast/npu-summarise" returned an error (Connection error.) - skipping it
[LCM] detail  summariser "fast/npu-summarise" returned an error (Connection error.) - skipping it
[LCM] detail  summariser "fast/npu-summarise" returned an error (Connection error.) - skipping it
[LCM] detail  summariser "fast/npu-summarise" returned an error (Connection error.) - skipping it
[LCM] OK      summarised 6 chunk(s) in the background - compaction will be quicker
[LCM] detail  summariser "fast/npu-summarise" returned an error (Connection error.) - skipping it
[LCM] detail  summariser "fast/npu-summarise" returned an error (Connection error.) - skipping it
[LCM] detail  summariser "fast/npu-summarise" returned an error (Connection error.) - skipping it
[LCM] detail  summariser "fast/npu-summarise" returned an error (Connection error.) - skipping it
[LCM] detail  summariser "fast/npu-summarise" returned an error (Connection error.) - skipping it
[LCM] detail  summariser "fast/npu-summarise" returned an error (Connection error.) - skipping it
[LCM] OK      summarised 6 chunk(s) in the background - compaction will be quicker
[LCM] detail  summariser "fast/npu-summarise" returned an error (Connection error.) - skipping it
[LCM] detail  summariser "fast/npu-summarise" returned an error (Connection error.) - skipping it
[LCM] detail  summariser "fast/npu-summarise" returned an error (Connection error.) - skipping it
[LCM] detail  summariser "fast/npu-summarise" returned an error (Connection error.) - skipping it
[LCM] detail  summariser "fast/npu-summarise" returned an error (Connection error.) - skipping it
[LCM] detail  summariser "fast/npu-summarise" returned an error (Connection error.) - skipping it
[LCM] OK      summarised 6 chunk(s) in the background - compaction will be quicker
[LCM] detail  summariser "fast/npu-summarise" returned an error (Connection error.) - skipping it
[LCM] detail  summariser "fast/npu-summarise" returned an error (Connection error.) - skipping it
[LCM] detail  summariser "fast/npu-summarise" returned an error (Connection error.) - skipping it
[LCM] detail  summariser "fast/npu-summarise" returned an error (Connection error.) - skipping it
[LCM] detail  summariser "fast/npu-summarise" returned an error (Connection error.) - skipping it
[LCM] detail  summariser "fast/npu-summarise" returned an error (Connection error.) - skipping it
[LCM] OK      summarised 6 chunk(s) in the background - compaction will be quicker
[LCM] detail  summariser "fast/npu-summarise" returned an error (Connection error.) - skipping it
[LCM] detail  summariser "fast/npu-summarise" returned an error (Connection error.) - skipping it
[LCM] detail  summariser "fast/npu-summarise" returned an error (Connection error.) - skipping it
[LCM] detail  summariser "fast/npu-summarise" returned an error (Connection error.) - skipping it
[LCM] detail  summariser "fast/npu-summarise" returned an error (Connection error.) - skipping it
[LCM] detail  summariser "fast/npu-summarise" returned an error (Connection error.) - skipping it
[LCM] OK      summarised 6 chunk(s) in the background - compaction will be quicker
[LCM] detail  summariser "fast/npu-summarise" returned an error (Connection error.) - skipping it
[LCM] detail  summariser "fast/npu-summarise" returned an error (Connection error.) - skipping it
[LCM] detail  summariser "fast/npu-summarise" returned an error (Connection error.) - skipping it
[LCM] detail  summariser "fast/npu-summarise" returned an error (Connection error.) - skipping it
[LCM] detail  summariser "fast/npu-summarise" returned an error (Connection error.) - skipping it
[LCM] detail  summariser "fast/npu-summarise" returned an error (Connection error.) - skipping it
[LCM] OK      summarised 6 chunk(s) in the background - compaction will be quicker
[LCM] detail  summariser "fast/npu-summarise" returned an error (Connection error.) - skipping it
[LCM] detail  summariser "fast/npu-summarise" returned an error (Connection error.) - skipping it
[LCM] detail  summariser "fast/npu-summarise" returned an error (Connection error.) - skipping it
[LCM] detail  summariser "fast/npu-summarise" returned an error (Connection error.) - skipping it
[LCM] detail  summariser "fast/npu-summarise" returned an error (Connection error.) - skipping it
[LCM] detail  summariser "fast/npu-summarise" returned an error (Connection error.) - skipping it
[LCM] OK      summarised 6 chunk(s) in the background - compaction will be quicker
[LCM] detail  summariser "fast/npu-summarise" returned an error (Connection error.) - skipping it
[LCM] detail  summariser "fast/npu-summarise" returned an error (Connection error.) - skipping it
[LCM] detail  summariser "fast/npu-summarise" returned an error (Connection error.) - skipping it
[LCM] detail  summariser "fast/npu-summarise" returned an error (Connection error.) - skipping it
[LCM] detail  summariser "fast/npu-summarise" returned an error (Connection error.) - skipping it
[LCM] detail  summariser "fast/npu-summarise" returned an error (Connection error.) - skipping it
[LCM] OK      summarised 6 chunk(s) in the background - compaction will be quicker
[LCM] detail  summariser "fast/npu-summarise" returned an error (Connection error.) - skipping it
[LCM] detail  summariser "fast/npu-summarise" returned an error (Connection error.) - skipping it
[LCM] detail  summariser "fast/npu-summarise" returned an error (Connection error.) - skipping it
[LCM] detail  summariser "fast/npu-summarise" returned an error (Connection error.) - skipping it
[LCM] detail  summariser "fast/npu-summarise" returned an error (Connection error.) - skipping it
[LCM] detail  summariser "fast/npu-summarise" returned an error (Connection error.) - skipping it
[LCM] OK      summarised 6 chunk(s) in the background - compaction will be quicker
[LCM] detail  summariser "fast/npu-summarise" returned an error (Connection error.) - skipping it
[LCM] detail  summariser "fast/npu-summarise" returned an error (Connection error.) - skipping it
[LCM] detail  summariser "fast/npu-summarise" returned an error (Connection error.) - skipping it
[LCM] detail  summariser "fast/npu-summarise" returned an error (Connection error.) - skipping it
[LCM] detail  summariser "fast/npu-summarise" returned an error (Connection error.) - skipping it
[LCM] detail  summariser "fast/npu-summarise" returned an error (Connection error.) - skipping it
[LCM] detail  summariser "fast/npu-summarise" returned an error (Connection error.) - skipping it
[LCM] OK      summarised 7 chunk(s) in the background - compaction will be quicker
[LCM] detail  summariser "fast/npu-summarise" returned an error (Connection error.) - skipping it
[LCM] detail  summariser "fast/npu-summarise" returned an error (Connection error.) - skipping it
[LCM] detail  summariser "fast/npu-summarise" returned an error (Connection error.) - skipping it
[LCM] detail  summariser "fast/npu-summarise" returned an error (Connection error.) - skipping it
[LCM] detail  summariser "fast/npu-summarise" returned an error (Connection error.) - skipping it
[LCM] detail  summariser "fast/npu-summarise" returned an error (Connection error.) - skipping it
[LCM] detail  summariser "fast/npu-summarise" returned an error (Connection error.) - skipping it
[LCM] OK      summarised 7 chunk(s) in the background - compaction will be quicker
[LCM] detail  summariser "fast/npu-summarise" returned an error (Connection error.) - skipping it
[LCM] detail  summariser "fast/npu-summarise" returned an error (Connection error.) - skipping it
[LCM] detail  summariser "fast/npu-summarise" returned an error (Connection error.) - skipping it
[LCM] detail  summariser "fast/npu-summarise" returned an error (Connection error.) - skipping it
[LCM] detail  summariser "fast/npu-summarise" returned an error (Connection error.) - skipping it
[LCM] detail  summariser "fast/npu-summarise" returned an error (Connection error.) - skipping it
[LCM] detail  summariser "fast/npu-summarise" returned an error (Connection error.) - skipping it
[LCM] OK      summarised 7 chunk(s) in the background - compaction will be quicker
[LCM] OK      summarised 7 chunk(s) in the background - compaction will be quicker
