2026-09-23T20:52:55Z outbox: {"ob-0f2a9d0074da9e3f": "held-awaiting-receipt", "ob-1b60c09ba519fd4c": "held-awaiting-receipt", "ob-28c216d7b2ab7c04": "held-awaiting-receipt", "ob-483e9f112a3cc6bd": "held-awaiting-receipt", "ob-5e278bcf3c5f3aa7": "held-awaiting-receipt", "ob-741171f961ce0218": "held-awaiting-receipt", "ob-7841a81a96ccd404": "held-awaiting-receipt", "ob-8cc4cd139c3a289a": "held-awaiting-receipt", "ob-9003817d907e627f": "held-awaiting-receipt", "ob-a903930f7abfe526": "held-awaiting-receipt", "ob-b4f04ab10a3cc7bd": "held-awaiting-receipt", "ob-baa841487c4ce6db": "held-awaiting-receipt", "ob-dd464ebaf3854160": "held-awaiting-receipt", "ob-f1533437c9ba0c5e": "held-awaiting-receipt"}
2026-09-23T20:54:27Z due B05-w1.json: settled (interrupted) {"decision": "interrupted", "dedup": false, "timer": "deadline:B05-w1"}
2026-09-23T20:54:27Z due B06-w1.json: settled (interrupted) {"decision": "interrupted", "dedup": false, "timer": "deadline:B06-w1"}
2026-09-23T20:54:27Z due B07-w1.json: kept for the next holder: interrupted-effect-failed wake to D1: failed (receipt msg-na-28)
2026-09-23T20:54:27Z due: lock budget spent; remaining markers go to the next holder
2026-09-23T20:54:27Z due backlog SATURATED: 8 deadline marker(s) unsettled for more than 20s (oldest 38s) (duty's wake accepted, transport only: not an acknowledgement)
2026-09-23T20:54:27Z due: lock budget spent; remaining markers go to the next holder
2026-09-23T20:54:27Z due backlog SATURATED: 8 deadline marker(s) unsettled for more than 20s (oldest 39s) (duty's wake accepted within the last minute)
2026-09-23T20:54:27Z yield: ledger-lock budget spent; the rest continues in the next pass
2026-09-23T20:54:46Z due B10-w1.json: settled (recovered) {"decision": "recovered", "dedup": false, "timer": "deadline:B10-w1"}
2026-09-23T20:54:46Z due B11-w1.json: settled (interrupted) {"decision": "interrupted", "dedup": false, "timer": "deadline:B11-w1"}
2026-09-23T20:54:46Z due B12-w1.json: settled (interrupted) {"decision": "interrupted", "dedup": false, "timer": "deadline:B12-w1"}
2026-09-23T20:54:46Z due B13-w1.json: settled (interrupted) {"decision": "interrupted", "dedup": false, "timer": "deadline:B13-w1"}
2026-09-23T20:54:46Z due: lock budget spent; remaining markers go to the next holder
2026-09-23T20:54:46Z due backlog SATURATED: 1 deadline marker(s) unsettled for more than 20s (oldest 58s) (duty's wake accepted within the last minute)
2026-09-23T20:54:46Z due: lock budget spent; remaining markers go to the next holder
2026-09-23T20:54:46Z due backlog SATURATED: 1 deadline marker(s) unsettled for more than 20s (oldest 58s) (duty's wake accepted within the last minute)
2026-09-23T20:54:46Z yield: ledger-lock budget spent; the rest continues in the next pass
2026-09-23T20:55:49Z B01: no ack, duty failed 2026-09-23T20:55:38Z: wake to U1: failed (receipt msg-B01-53)
2026-09-23T20:55:49Z B01: no ack, director failed 2026-09-23T20:55:38Z: wake to D1: ambiguous (receipt msg-B01-54)
2026-09-23T20:55:49Z B02: no ack, duty failed 2026-09-23T20:55:38Z: E_BUDGET_EXHAUSTED: wake to U1 not started: the ledger-lock hold's budget is spent
2026-09-23T20:55:49Z B02: no ack, director failed 2026-09-23T20:55:38Z: E_BUDGET_EXHAUSTED: wake to D1 not started: the ledger-lock hold's budget is spent
2026-09-23T20:55:49Z B03: no ack, duty failed 2026-09-23T20:55:38Z: E_BUDGET_EXHAUSTED: wake to U1 not started: the ledger-lock hold's budget is spent
2026-09-23T20:55:49Z B03: no ack, director failed 2026-09-23T20:55:38Z: E_BUDGET_EXHAUSTED: wake to D1 not started: the ledger-lock hold's budget is spent
2026-09-23T20:55:49Z B04: no ack, duty failed 2026-09-23T20:55:38Z: E_BUDGET_EXHAUSTED: wake to U1 not started: the ledger-lock hold's budget is spent
2026-09-23T20:55:49Z B04: no ack, director failed 2026-09-23T20:55:38Z: E_BUDGET_EXHAUSTED: wake to D1 not started: the ledger-lock hold's budget is spent
2026-09-23T20:55:49Z B05: no ack, duty failed 2026-09-23T20:55:38Z: E_BUDGET_EXHAUSTED: wake to U1 not started: the ledger-lock hold's budget is spent
2026-09-23T20:55:49Z B05: no ack, director failed 2026-09-23T20:55:38Z: E_BUDGET_EXHAUSTED: wake to D1 not started: the ledger-lock hold's budget is spent
2026-09-23T20:55:49Z B06: no ack, duty failed 2026-09-23T20:55:38Z: E_BUDGET_EXHAUSTED: wake to U1 not started: the ledger-lock hold's budget is spent
2026-09-23T20:55:49Z B06: no ack, director failed 2026-09-23T20:55:38Z: E_BUDGET_EXHAUSTED: wake to D1 not started: the ledger-lock hold's budget is spent
2026-09-23T20:55:49Z B07: no ack, duty failed 2026-09-23T20:55:38Z: E_BUDGET_EXHAUSTED: wake to U1 not started: the ledger-lock hold's budget is spent
2026-09-23T20:55:49Z B07: no ack, director failed 2026-09-23T20:55:38Z: E_BUDGET_EXHAUSTED: wake to D1 not started: the ledger-lock hold's budget is spent
2026-09-23T20:55:49Z B08: no ack, duty failed 2026-09-23T20:55:38Z: E_BUDGET_EXHAUSTED: wake to U1 not started: the ledger-lock hold's budget is spent
2026-09-23T20:55:49Z B08: no ack, director failed 2026-09-23T20:55:38Z: E_BUDGET_EXHAUSTED: wake to D1 not started: the ledger-lock hold's budget is spent
2026-09-23T20:56:29Z B01: no ack, duty sent 2026-09-23T20:56:20Z
2026-09-23T20:56:29Z B01: no ack, director sent 2026-09-23T20:56:20Z
2026-09-23T20:56:29Z B02: no ack, duty sent 2026-09-23T20:56:20Z
2026-09-23T20:56:29Z B02: no ack, director sent 2026-09-23T20:56:20Z
2026-09-23T20:56:29Z B03: no ack, duty sent 2026-09-23T20:56:20Z
2026-09-23T20:56:29Z B03: no ack, director failed 2026-09-23T20:56:20Z: wake to D1: failed (receipt msg-B03-63)
2026-09-23T20:56:29Z B04: no ack, duty sent 2026-09-23T20:56:20Z
2026-09-23T20:56:29Z B05: no ack, duty sent 2026-09-23T20:56:20Z
2026-09-23T20:56:29Z B06: no ack, duty sent 2026-09-23T20:56:20Z
2026-09-23T20:56:29Z B07: no ack, duty failed 2026-09-23T20:56:20Z: E_BUDGET_EXHAUSTED: wake to U1 not started: the ledger-lock hold's budget is spent
2026-09-23T20:56:29Z B07: no ack, director failed 2026-09-23T20:56:20Z: E_BUDGET_EXHAUSTED: wake to D1 not started: the ledger-lock hold's budget is spent
2026-09-23T20:56:29Z B08: no ack, duty failed 2026-09-23T20:56:20Z: E_BUDGET_EXHAUSTED: wake to U1 not started: the ledger-lock hold's budget is spent
2026-09-23T20:56:29Z B08: no ack, director failed 2026-09-23T20:56:20Z: E_BUDGET_EXHAUSTED: wake to D1 not started: the ledger-lock hold's budget is spent
2026-09-23T20:56:29Z B09: no ack, duty failed 2026-09-23T20:56:20Z: E_BUDGET_EXHAUSTED: wake to U1 not started: the ledger-lock hold's budget is spent
2026-09-23T20:56:29Z B09: no ack, director failed 2026-09-23T20:56:20Z: E_BUDGET_EXHAUSTED: wake to D1 not started: the ledger-lock hold's budget is spent
2026-09-23T20:56:29Z B10: no ack, duty failed 2026-09-23T20:56:20Z: E_BUDGET_EXHAUSTED: wake to U1 not started: the ledger-lock hold's budget is spent
2026-09-23T20:56:29Z B10: no ack, director failed 2026-09-23T20:56:20Z: E_BUDGET_EXHAUSTED: wake to D1 not started: the ledger-lock hold's budget is spent
2026-09-23T20:56:29Z B11: no ack, duty failed 2026-09-23T20:56:20Z: E_BUDGET_EXHAUSTED: wake to U1 not started: the ledger-lock hold's budget is spent
2026-09-23T20:56:29Z B11: no ack, director failed 2026-09-23T20:56:20Z: E_BUDGET_EXHAUSTED: wake to D1 not started: the ledger-lock hold's budget is spent
2026-09-23T20:56:29Z B12: no ack, duty failed 2026-09-23T20:56:20Z: E_BUDGET_EXHAUSTED: wake to U1 not started: the ledger-lock hold's budget is spent
2026-09-23T20:56:29Z B12: no ack, director failed 2026-09-23T20:56:20Z: E_BUDGET_EXHAUSTED: wake to D1 not started: the ledger-lock hold's budget is spent
2026-09-23T20:56:29Z B13: no ack, duty failed 2026-09-23T20:56:20Z: E_BUDGET_EXHAUSTED: wake to U1 not started: the ledger-lock hold's budget is spent
2026-09-23T20:56:29Z B13: no ack, director failed 2026-09-23T20:56:20Z: E_BUDGET_EXHAUSTED: wake to D1 not started: the ledger-lock hold's budget is spent
2026-09-23T20:56:29Z B14: no ack, duty failed 2026-09-23T20:56:20Z: E_BUDGET_EXHAUSTED: wake to U1 not started: the ledger-lock hold's budget is spent
2026-09-23T20:56:29Z B14: no ack, director failed 2026-09-23T20:56:20Z: E_BUDGET_EXHAUSTED: wake to D1 not started: the ledger-lock hold's budget is spent
2026-09-23T20:56:50Z B03: no ack, director sent 2026-09-23T20:56:40Z
2026-09-23T20:56:50Z B04: no ack, director failed 2026-09-23T20:56:40Z: wake to D1: ambiguous (receipt msg-B04-69)
2026-09-23T20:56:50Z B05: no ack, director failed 2026-09-23T20:56:40Z: E_BUDGET_EXHAUSTED: wake to D1 not started: the ledger-lock hold's budget is spent
2026-09-23T20:56:50Z B06: no ack, director failed 2026-09-23T20:56:40Z: E_BUDGET_EXHAUSTED: wake to D1 not started: the ledger-lock hold's budget is spent
2026-09-23T20:56:50Z B07: no ack, duty failed 2026-09-23T20:56:40Z: E_BUDGET_EXHAUSTED: wake to U1 not started: the ledger-lock hold's budget is spent
2026-09-23T20:56:50Z B07: no ack, director failed 2026-09-23T20:56:40Z: E_BUDGET_EXHAUSTED: wake to D1 not started: the ledger-lock hold's budget is spent
2026-09-23T20:56:50Z B08: no ack, duty failed 2026-09-23T20:56:40Z: E_BUDGET_EXHAUSTED: wake to U1 not started: the ledger-lock hold's budget is spent
2026-09-23T20:56:50Z B08: no ack, director failed 2026-09-23T20:56:40Z: E_BUDGET_EXHAUSTED: wake to D1 not started: the ledger-lock hold's budget is spent
2026-09-23T20:56:50Z B09: no ack, duty failed 2026-09-23T20:56:40Z: E_BUDGET_EXHAUSTED: wake to U1 not started: the ledger-lock hold's budget is spent
2026-09-23T20:56:50Z B09: no ack, director failed 2026-09-23T20:56:40Z: E_BUDGET_EXHAUSTED: wake to D1 not started: the ledger-lock hold's budget is spent
2026-09-23T20:56:50Z B10: no ack, duty failed 2026-09-23T20:56:40Z: E_BUDGET_EXHAUSTED: wake to U1 not started: the ledger-lock hold's budget is spent
2026-09-23T20:56:50Z B10: no ack, director failed 2026-09-23T20:56:40Z: E_BUDGET_EXHAUSTED: wake to D1 not started: the ledger-lock hold's budget is spent
2026-09-23T20:56:50Z B11: no ack, duty failed 2026-09-23T20:56:40Z: E_BUDGET_EXHAUSTED: wake to U1 not started: the ledger-lock hold's budget is spent
2026-09-23T20:56:50Z B11: no ack, director failed 2026-09-23T20:56:40Z: E_BUDGET_EXHAUSTED: wake to D1 not started: the ledger-lock hold's budget is spent
2026-09-23T20:56:50Z B12: no ack, duty failed 2026-09-23T20:56:40Z: E_BUDGET_EXHAUSTED: wake to U1 not started: the ledger-lock hold's budget is spent
2026-09-23T20:56:50Z B12: no ack, director failed 2026-09-23T20:56:40Z: E_BUDGET_EXHAUSTED: wake to D1 not started: the ledger-lock hold's budget is spent
2026-09-23T20:56:50Z B13: no ack, duty failed 2026-09-23T20:56:40Z: E_BUDGET_EXHAUSTED: wake to U1 not started: the ledger-lock hold's budget is spent
2026-09-23T20:56:50Z B13: no ack, director failed 2026-09-23T20:56:40Z: E_BUDGET_EXHAUSTED: wake to D1 not started: the ledger-lock hold's budget is spent
2026-09-23T20:56:50Z B14: no ack, duty failed 2026-09-23T20:56:40Z: E_BUDGET_EXHAUSTED: wake to U1 not started: the ledger-lock hold's budget is spent
2026-09-23T20:56:50Z B14: no ack, director failed 2026-09-23T20:56:40Z: E_BUDGET_EXHAUSTED: wake to D1 not started: the ledger-lock hold's budget is spent
