## rehearsal of release c124d82cd26a in /tmp/p9-rehearsal-1581 at 2026-09-23T06:27:15Z
archive sha256: e559ad175c3a21e99c3bf763a4366a4143ccafc5c1dcf0071250132ade4a8934
manifest: all 14 files match
debris (db, claims, caches, pyc, .git, env, credentials, keys):
  none
rebuild from shipped source: deps/settings identical (bytes differ only by the vcs stamp; the tarball has no .git)
go test on shipped source: ok  	agent-loop/internal/coax	0.006s;ok  	agent-loop/internal/conform	0.179s;ok  	agent-loop/internal/core	0.002s;ok  	agent-loop/internal/expose	0.016s;ok  	agent-loop/internal/host	0.092s;ok  	agent-loop/internal/loop	0.041s;ok  	agent-loop/internal/shadow	0.005s;
conformance on the shipped binary: conformance: 125/125 cases ok, 1751 steps
unfilled template: agent-loop: examples/project.template.json: missing seats.<duty seat name: not the worker or verifie (rc refused)
config ok
A: worker (ex-A-w1); verifier fx-verifier
B registered, held until A close
2026-09-23T06:27:16Z outbox: {"ob-142461992dd29911": "held-awaiting-receipt"}
2026-09-23T06:27:16Z A: verifier dispatched to fx-verifier
2026-09-23T06:27:16Z outbox: {"ob-142461992dd29911": "held-awaiting-receipt", "ob-41a124a08b498f28": "held-awaiting-receipt"}
2026-09-23T06:27:16Z A: verifier PASS; decision requested from fx-director
read-only: ledger files hash 24356f4226b3fa97 -> 24356f4226b3fa97; directory listing c4eaeabb25d995c7 -> c4eaeabb25d995c7 (4 renders incl. missing and malformed inventory)
## Pending decisions (1)
- **A/decision** — owner fx-director. The verifier returned PASS for A. Accept, answer, open a successor, or block?
  - next: /tmp/p9-rehearsal-1581/prefix/bin/agent-loop decide --config /tmp/p9-rehearsal-1581/fx.json --qid A --kind KIND --ref REF --reason TEXT
  - blocks: B
  - source: /tmp/p9-rehearsal-1581/claims/ex-A-v1.json (OK)

A closed: question_answered
2026-09-23T06:27:16Z outbox: {"ob-142461992dd29911": "held-awaiting-receipt", "ob-41a124a08b498f28": "held-awaiting-receipt"}
2026-09-23T06:27:16Z B: released to fx-worker
after decide: pending [] resolved ['A/decision'] B ['worker'] | label: SUPERVISED PREVIEW / NOT QUALIFIED FOR UNATTENDED USE
stop requested: run exits at its next pass and stays stopped until `agent-loop start`.
agent-loop: stopped by agent-loop stop; run `agent-loop start` to resume
run while stopped rc=64 (64 expected)
stop marker cleared (no unit configured; start `agent-loop run` yourself)
stop marker cleared (no unit configured; start `agent-loop run` yourself)
PACKAGE  STEP    WAITING ON  SINCE                 DEADLINE              VERDICT  LAST
A        closed              2026-09-23T06:27:16Z                        PASS     2026-09-23T06:27:16Z decided question_answered (rehearsal-1)
B        worker  fx-worker   2026-09-23T06:27:16Z  2026-09-23T07:07:16Z           2026-09-23T06:27:16Z dispatched to fx-worker
restore: previous binary swapped back, ledger files copied while stopped
main repo HEAD unchanged: yes; installed ~/.local/bin/agent-loop unchanged: yes
no real systemd/seats: stubs in /tmp/p9-rehearsal-1581/stubs; stub calls:
--user --unit=agent-loop-fx-A-w1.timer --on-active=2400s /tmp/p9-rehearsal-1581/
--user stop agent-loop-fx-A-w1.timer
--user reset-failed agent-loop-fx-A-w1.timer
--user --unit=agent-loop-fx-A-v1.timer --on-active=1200s /tmp/p9-rehearsal-1581/
--user stop agent-loop-fx-A-v1.timer
--user reset-failed agent-loop-fx-A-v1.timer
--user --unit=agent-loop-fx-B-w1.timer --on-active=2400s /tmp/p9-rehearsal-1581/
