2026-09-23T20:47:08Z due B01-w1.json: settled with an owned delivery failure: settled: cancel failed, director told (E_DELIVERY_UNRESOLVED: notice notice:4358beb2d0d81dd180439ab1 to D1: the outcome of an earlier send is unknown ())
2026-09-23T20:47:08Z due B02-w1.json: settled (interrupted) {"decision": "interrupted", "dedup": false, "timer": "deadline:B02-w1"}
2026-09-23T20:47:08Z due B03-w1.json: settled (interrupted) {"decision": "interrupted", "dedup": false, "timer": "deadline:B03-w1"}
2026-09-23T20:47:08Z due B04-w1.json: settled (interrupted) {"decision": "interrupted", "dedup": false, "timer": "deadline:B04-w1"}
2026-09-23T20:47:08Z due: lock budget spent; remaining markers go to the next holder
2026-09-23T20:47:08Z due backlog SATURATED: 10 deadline marker(s) unsettled for more than 20s (oldest 36s) (duty's wake accepted, transport only: not an acknowledgement)
2026-09-23T20:47:08Z outbox: {"ob-0104b146ae3db998": "held-awaiting-receipt", "ob-19bb0ea0355372d7": "held-awaiting-receipt", "ob-1a85c4c5cbcc411b": "held-awaiting-receipt", "ob-232230c1d6d8ee7f": "held-awaiting-receipt", "ob-36ce62d145aa36d4": "held-awaiting-receipt", "ob-4ad9af3f26834199": "held-awaiting-receipt", "ob-4ceecc5e4f174610": "held-awaiting-receipt", "ob-4fe9ac6553c43695": "held-awaiting-receipt", "ob-558197d090969f26": "held-awaiting-receipt", "ob-5fd8a06459f5dd59": "held-awaiting-receipt", "ob-61edc72eed76b0e4": "held-awaiting-receipt", "ob-6acdf2538556fd56": "held-awaiting-receipt", "ob-9704d52eef13cd1a": "held-awaiting-receipt", "ob-f1b797567c5f29a7": "held-awaiting-receipt"}
2026-09-23T20:47:08Z due: lock budget spent; remaining markers go to the next holder
2026-09-23T20:47:08Z due backlog SATURATED: 10 deadline marker(s) unsettled for more than 20s (oldest 37s) (duty's wake accepted within the last minute)
2026-09-23T20:47:08Z yield: ledger-lock budget spent; the rest continues in the next pass
2026-09-23T20:47:16Z due B09-w1.json: settled (interrupted) {"decision": "interrupted", "dedup": false, "timer": "deadline:B09-w1"}
2026-09-23T20:47:16Z due B10-w1.json: settled (interrupted) {"decision": "interrupted", "dedup": false, "timer": "deadline:B10-w1"}
2026-09-23T20:47:16Z due B11-w1.json: settled (interrupted) {"decision": "interrupted", "dedup": false, "timer": "deadline:B11-w1"}
2026-09-23T20:47:16Z due B12-w1.json: settled (interrupted) {"decision": "interrupted", "dedup": false, "timer": "deadline:B12-w1"}
2026-09-23T20:47:16Z due: lock budget spent; remaining markers go to the next holder
2026-09-23T20:47:16Z due backlog SATURATED: 2 deadline marker(s) unsettled for more than 20s (oldest 46s) (duty's wake accepted within the last minute)
2026-09-23T20:47:16Z due: lock budget spent; remaining markers go to the next holder
2026-09-23T20:47:16Z due backlog SATURATED: 2 deadline marker(s) unsettled for more than 20s (oldest 46s) (duty's wake accepted within the last minute)
2026-09-23T20:47:16Z yield: ledger-lock budget spent; the rest continues in the next pass
2026-09-23T20:48:39Z B01: no ack, duty sent 2026-09-23T20:48:30Z
2026-09-23T20:48:39Z B02: no ack, duty sent 2026-09-23T20:48:30Z
2026-09-23T20:48:39Z B03: no ack, duty sent 2026-09-23T20:48:30Z
2026-09-23T20:48:39Z B04: no ack, duty sent 2026-09-23T20:48:30Z
2026-09-23T20:48:39Z B05: no ack, duty sent 2026-09-23T20:48:30Z
2026-09-23T20:48:39Z B06: no ack, duty sent 2026-09-23T20:48:30Z
2026-09-23T20:48:39Z B07: no ack, duty sent 2026-09-23T20:48:30Z
2026-09-23T20:48:39Z B08: no ack, duty sent 2026-09-23T20:48:30Z
2026-09-23T20:48:39Z B09: no ack, duty sent 2026-09-23T20:48:30Z
2026-09-23T20:48:39Z B10: no ack, duty failed 2026-09-23T20:48:30Z: E_BUDGET_EXHAUSTED: wake to U1 not started: the ledger-lock hold's budget is spent
2026-09-23T20:48:39Z B10: no ack, director failed 2026-09-23T20:48:30Z: E_BUDGET_EXHAUSTED: wake to D1 not started: the ledger-lock hold's budget is spent
2026-09-23T20:48:39Z B11: no ack, duty failed 2026-09-23T20:48:30Z: E_BUDGET_EXHAUSTED: wake to U1 not started: the ledger-lock hold's budget is spent
2026-09-23T20:48:39Z B11: no ack, director failed 2026-09-23T20:48:30Z: E_BUDGET_EXHAUSTED: wake to D1 not started: the ledger-lock hold's budget is spent
2026-09-23T20:48:39Z B12: no ack, duty failed 2026-09-23T20:48:30Z: E_BUDGET_EXHAUSTED: wake to U1 not started: the ledger-lock hold's budget is spent
2026-09-23T20:48:39Z B12: no ack, director failed 2026-09-23T20:48:30Z: E_BUDGET_EXHAUSTED: wake to D1 not started: the ledger-lock hold's budget is spent
2026-09-23T20:48:39Z B13: no ack, duty failed 2026-09-23T20:48:30Z: E_BUDGET_EXHAUSTED: wake to U1 not started: the ledger-lock hold's budget is spent
2026-09-23T20:48:39Z B13: no ack, director failed 2026-09-23T20:48:30Z: E_BUDGET_EXHAUSTED: wake to D1 not started: the ledger-lock hold's budget is spent
2026-09-23T20:48:39Z B14: no ack, duty failed 2026-09-23T20:48:30Z: E_BUDGET_EXHAUSTED: wake to U1 not started: the ledger-lock hold's budget is spent
2026-09-23T20:48:39Z B14: no ack, director failed 2026-09-23T20:48:30Z: E_BUDGET_EXHAUSTED: wake to D1 not started: the ledger-lock hold's budget is spent
2026-09-23T20:49:20Z B01: no ack, director sent 2026-09-23T20:49:11Z
2026-09-23T20:49:20Z B02: no ack, director sent 2026-09-23T20:49:11Z
2026-09-23T20:49:20Z B03: no ack, director sent 2026-09-23T20:49:11Z
2026-09-23T20:49:20Z B04: no ack, director sent 2026-09-23T20:49:11Z
2026-09-23T20:49:20Z B05: no ack, director sent 2026-09-23T20:49:11Z
2026-09-23T20:49:20Z B06: no ack, director sent 2026-09-23T20:49:11Z
2026-09-23T20:49:20Z B07: no ack, director sent 2026-09-23T20:49:11Z
2026-09-23T20:49:20Z B10: no ack, duty sent 2026-09-23T20:49:11Z
2026-09-23T20:49:20Z B11: no ack, duty sent 2026-09-23T20:49:11Z
2026-09-23T20:49:20Z B12: no ack, duty failed 2026-09-23T20:49:11Z: E_BUDGET_EXHAUSTED: wake to U1 not started: the ledger-lock hold's budget is spent
2026-09-23T20:49:20Z B12: no ack, director failed 2026-09-23T20:49:11Z: E_BUDGET_EXHAUSTED: wake to D1 not started: the ledger-lock hold's budget is spent
2026-09-23T20:49:20Z B13: no ack, duty failed 2026-09-23T20:49:11Z: E_BUDGET_EXHAUSTED: wake to U1 not started: the ledger-lock hold's budget is spent
2026-09-23T20:49:20Z B13: no ack, director failed 2026-09-23T20:49:11Z: E_BUDGET_EXHAUSTED: wake to D1 not started: the ledger-lock hold's budget is spent
2026-09-23T20:49:20Z B14: no ack, duty failed 2026-09-23T20:49:11Z: E_BUDGET_EXHAUSTED: wake to U1 not started: the ledger-lock hold's budget is spent
2026-09-23T20:49:20Z B14: no ack, director failed 2026-09-23T20:49:11Z: E_BUDGET_EXHAUSTED: wake to D1 not started: the ledger-lock hold's budget is spent
2026-09-23T20:50:00Z B08: no ack, director sent 2026-09-23T20:49:51Z
2026-09-23T20:50:00Z B09: no ack, director sent 2026-09-23T20:49:51Z
2026-09-23T20:50:00Z B10: no ack, director sent 2026-09-23T20:49:51Z
2026-09-23T20:50:00Z B11: no ack, director sent 2026-09-23T20:49:51Z
2026-09-23T20:50:00Z B12: no ack, duty sent 2026-09-23T20:49:51Z
2026-09-23T20:50:00Z B12: no ack, director sent 2026-09-23T20:49:51Z
2026-09-23T20:50:00Z B13: no ack, duty sent 2026-09-23T20:49:51Z
2026-09-23T20:50:00Z B13: no ack, director sent 2026-09-23T20:49:51Z
2026-09-23T20:50:00Z B14: no ack, duty sent 2026-09-23T20:49:51Z
2026-09-23T20:50:00Z B14: no ack, director failed 2026-09-23T20:49:51Z: E_BUDGET_EXHAUSTED: wake to D1 not started: the ledger-lock hold's budget is spent
