1790176825.952631321 systemctl cg=/user.slice/user-1000.slice/user@1000.service/app.slice/p11live-driver-W082025.scope :: --user daemon-reload
1790176825.956142043 agent-loop cg=/user.slice/user-1000.slice/user@1000.service/app.slice/p11live-driver-W082025.scope :: check --config /tmp/p11-f2-C535/root/fxW082025.json
1790176825.959977893 wake cg=/user.slice/user-1000.slice/user@1000.service/app.slice/p11live-driver-W082025.scope :: D1 When a message starting "[agent-loop liveness]" reaches you during P11 live, run the exact
liveness-ack command it contains, replacing "WHAT YOU WILL DO" with "P11 live witness: observed
<state>, investigating", and keep --within 10m. Then end your turn. Nothing else.
1790176825.963641111 wake cg=/user.slice/user-1000.slice/user@1000.service/app.slice/p11live-driver-W082025.scope :: U1 When a message starting "[agent-loop liveness]" reaches you during P11 live, run the exact
liveness-ack command it contains, replacing "WHAT YOU WILL DO" with "P11 live witness: observed
<state>, investigating", and keep --within 10m. Then end your turn. Nothing else.
1790176825.967052126 systemctl cg=/user.slice/user-1000.slice/user@1000.service/app.slice/p11live-driver-W082025.scope :: --user start agent-loop-fxW082025.service agent-loop-liveness-fxW082025.timer
1790176825.984192532 systemctl cg=/user.slice/user-1000.slice/user@1000.service/app.slice/p11live-driver-W082025.scope :: --user show agent-loop-fxW082025.service --timestamp=unix -p ActiveState,SubState,Result,NRestarts,InvocationID,MainPID,ExecMainStartTimestamp
1790176825.986745070 agent-loop cg=/user.slice/user-1000.slice/user@1000.service/app.slice/p11live-driver-W082025.scope :: expose --config /tmp/p11-f2-C535/root/fxW082025.json --json
1790176825.988919481 journalctl cg=/user.slice/user-1000.slice/user@1000.service/app.slice/p11live-driver-W082025.scope :: --user -u agent-loop-fxW082025.service -u agent-loop-liveness-fxW082025.service --since -10min -o short-iso-precise --no-pager
1790176825.994557365 agent-loop cg=/user.slice/user-1000.slice/user@1000.service/app.slice/p11live-driver-W082025.scope :: dispatch --config /tmp/p11-f2-C535/root/fxW082025.json --qid L1-W082025 --worker fxw --verifier fxv --task @/tmp/p11-f2-C535/root/tasks/L1-W082025-l-worker.md --verify-task @/tmp/p11-f2-C535/root/tasks/L1-W082025-l-verify.md --duration 10m --verify-window 10m
1790176825.998074278 agent-loop cg=/user.slice/user-1000.slice/user@1000.service/app.slice/p11live-driver-W082025.scope :: expose --config /tmp/p11-f2-C535/root/fxW082025.json --json
1790176831.025788729 agent-loop cg=/user.slice/user-1000.slice/user@1000.service/app.slice/p11live-driver-W082025.scope :: expose --config /tmp/p11-f2-C535/root/fxW082025.json --json
1790176836.054186650 agent-loop cg=/user.slice/user-1000.slice/user@1000.service/app.slice/p11live-driver-W082025.scope :: expose --config /tmp/p11-f2-C535/root/fxW082025.json --json
1790176841.085110089 agent-loop cg=/user.slice/user-1000.slice/user@1000.service/app.slice/p11live-driver-W082025.scope :: expose --config /tmp/p11-f2-C535/root/fxW082025.json --json
1790176846.110363474 agent-loop cg=/user.slice/user-1000.slice/user@1000.service/app.slice/p11live-driver-W082025.scope :: expose --config /tmp/p11-f2-C535/root/fxW082025.json --json
1790176851.137530221 agent-loop cg=/user.slice/user-1000.slice/user@1000.service/app.slice/p11live-driver-W082025.scope :: expose --config /tmp/p11-f2-C535/root/fxW082025.json --json
1790176856.039268772 systemctl cg=/user.slice/user-1000.slice/user@1000.service/app.slice/p11live-wallstop-W082025.service :: --user stop agent-loop-liveness-fxW082025.timer agent-loop-liveness-fxW082025.service agent-loop-fxW082025.service
1790176856.042225607 systemctl cg=/user.slice/user-1000.slice/user@1000.service/app.slice/p11live-wallstop-W082025.service :: --user list-units --all --plain --no-legend agent-loop-fxW082025-*
1790176856.045118803 systemctl cg=/user.slice/user-1000.slice/user@1000.service/app.slice/p11live-wallstop-W082025.service :: --user reset-failed agent-loop-fxW082025* agent-loop-liveness-fxW082025*
1790176856.053023690 systemctl cg=/user.slice/user-1000.slice/user@1000.service/app.slice/p11live-wallstop-W082025.service :: --user daemon-reload
1790176856.056321925 agent-deck cg=/user.slice/user-1000.slice/user@1000.service/app.slice/p11live-wallstop-W082025.service :: session stop W1
1790176856.060069971 agent-deck cg=/user.slice/user-1000.slice/user@1000.service/app.slice/p11live-wallstop-W082025.service :: session remove W1
1790176856.063525530 agent-deck cg=/user.slice/user-1000.slice/user@1000.service/app.slice/p11live-wallstop-W082025.service :: session stop V1
1790176856.067240594 agent-deck cg=/user.slice/user-1000.slice/user@1000.service/app.slice/p11live-wallstop-W082025.service :: session remove V1
1790176856.070222105 agent-deck cg=/user.slice/user-1000.slice/user@1000.service/app.slice/p11live-wallstop-W082025.service :: session stop D1
1790176856.073944543 agent-deck cg=/user.slice/user-1000.slice/user@1000.service/app.slice/p11live-wallstop-W082025.service :: session remove D1
1790176856.077003199 agent-deck cg=/user.slice/user-1000.slice/user@1000.service/app.slice/p11live-wallstop-W082025.service :: session stop U1
1790176856.080379299 agent-deck cg=/user.slice/user-1000.slice/user@1000.service/app.slice/p11live-wallstop-W082025.service :: session remove U1
