=== 2026-09-07T00:28:52-07:00 arm C/D: dates stripped ===
[  1/34]     6aeb4375   stale_first MISS gold='four'                                   got='4'                                               
[  1/34]     6aeb4375 current_first MISS gold='four'                                   got='7'                                               
[  2/34]     852ce960   stale_first HIT  gold='$400,000'                               got='$400,000'                                        
[  2/34]     852ce960 current_first MISS gold='$400,000'                               got='$350,000'                                        
[  3/34]     d7c942c3   stale_first HIT  gold='Yes.'                                   got='Yes'                                             
[  3/34]     d7c942c3 current_first MISS gold='Yes.'                                   got='No'                                              
[  4/34]     71315a70   stale_first HIT  gold='10-12 hours'                            got='10-12'                                           
[  4/34]     71315a70 current_first HIT  gold='10-12 hours'                            got='10-12 hours'                                     
[  5/34]     89941a93   stale_first HIT  gold='4'                                      got='4'                                               
[  5/34]     89941a93 current_first HIT  gold='4'                                      got='4'                                               
[  6/34]     ce6d2d27   stale_first HIT  gold='Friday'                                 got='Friday'                                          
[  6/34]     ce6d2d27 current_first MISS gold='Friday'                                 got='Thursday'                                        
[  7/34]     9ea5eabc   stale_first HIT  gold='Paris'                                  got='Paris'                                           
[  7/34]     9ea5eabc current_first MISS gold='Paris'                                  got='Hawaii'                                          
[  8/34]     a1eacc2a   stale_first MISS gold='seven'                                  got='7'                                               
[  8/34]     a1eacc2a current_first MISS gold='seven'                                  got='4'                                               
[  9/34]     031748ae   stale_first MISS gold='When you just started your new role as  got='5'                                               
[  9/34]     031748ae current_first MISS gold='When you just started your new role as  got='4'                                               
[ 10/34]     0f05491a   stale_first MISS gold=120                                      got='125'                                             
[ 10/34]     0f05491a current_first MISS gold=120                                      got='125'                                             
[ 11/34]     08e075c7   stale_first HIT  gold='9 months'                               got='9 months'                                        
[ 11/34]     08e075c7 current_first HIT  gold='9 months'                               got='9 months'                                        
[ 12/34]     b6019101   stale_first HIT  gold='5'                                      got='5'                                               
[ 12/34]     b6019101 current_first MISS gold='5'                                      got='4'                                               
[ 13/34]     45dc21b6   stale_first HIT  gold='3'                                      got='3'                                               
[ 13/34]     45dc21b6 current_first MISS gold='3'                                      got='2'                                               
[ 14/34]     6071bd76   stale_first HIT  gold='You switched to less water (5 ounces) p got='5 ounces'                                        
[ 14/34]     6071bd76 current_first MISS gold='You switched to less water (5 ounces) p got='6 ounces'                                        
[ 15/34]     e493bb7c   stale_first MISS gold='in my bedroom'                          got="above the user's bed in their bedroom"           
[ 15/34]     e493bb7c current_first MISS gold='in my bedroom'                          got='above my living room sofa'                       
[ 16/34]     618f13b2   stale_first MISS gold='six'                                    got='6'                                               
[ 16/34]     618f13b2 current_first MISS gold='six'                                    got='4'                                               
[ 17/34]     18bc8abd   stale_first HIT  gold='Kansas City Masterpiece'                got='Kansas City Masterpiece BBQ sauce'               
[ 17/34]     18bc8abd current_first MISS gold='Kansas City Masterpiece'                got="Sweet Baby Ray's"                                
