[  1/34]     6aeb4375   stale_first MISS gold='four'                                   got='4'                                               
[  1/34]     6aeb4375 current_first MISS gold='four'                                   got='7'                                               
[  2/34]     852ce960   stale_first HIT  gold='$400,000'                               got='$400,000'                                        
[  2/34]     852ce960 current_first MISS gold='$400,000'                               got='$350,000'                                        
[  3/34]     d7c942c3   stale_first HIT  gold='Yes.'                                   got='Yes'                                             
[  3/34]     d7c942c3 current_first HIT  gold='Yes.'                                   got='Yes'                                             
[  4/34]     71315a70   stale_first HIT  gold='10-12 hours'                            got='10-12'                                           
[  4/34]     71315a70 current_first HIT  gold='10-12 hours'                            got='10-12'                                           
[  5/34]     89941a93   stale_first HIT  gold='4'                                      got='4'                                               
[  5/34]     89941a93 current_first HIT  gold='4'                                      got='4'                                               
[  6/34]     ce6d2d27   stale_first HIT  gold='Friday'                                 got='Friday'                                          
[  6/34]     ce6d2d27 current_first HIT  gold='Friday'                                 got='Friday'                                          
[  7/34]     9ea5eabc   stale_first HIT  gold='Paris'                                  got='Paris'                                           
[  7/34]     9ea5eabc current_first MISS gold='Paris'                                  got='Hawaii'                                          
[  8/34]     a1eacc2a   stale_first MISS gold='seven'                                  got='7'                                               
[  8/34]     a1eacc2a current_first MISS gold='seven'                                  got='7'                                               
[  9/34]     031748ae   stale_first MISS gold='When you just started your new role as  got='5'                                               
[  9/34]     031748ae current_first MISS gold='When you just started your new role as  got='5'                                               
[ 10/34]     0f05491a   stale_first HIT  gold=120                                      got='120'                                             
[ 10/34]     0f05491a current_first MISS gold=120                                      got='125'                                             
[ 11/34]     08e075c7   stale_first HIT  gold='9 months'                               got='9 months'                                        
[ 11/34]     08e075c7 current_first HIT  gold='9 months'                               got='9 months'                                        
[ 12/34]     b6019101   stale_first HIT  gold='5'                                      got='5'                                               
[ 12/34]     b6019101 current_first MISS gold='5'                                      got='12'                                              
[ 13/34]     45dc21b6   stale_first HIT  gold='3'                                      got='3'                                               
[ 13/34]     45dc21b6 current_first HIT  gold='3'                                      got='3'                                               
[ 14/34]     6071bd76   stale_first HIT  gold='You switched to less water (5 ounces) p got='5 ounces'                                        
[ 14/34]     6071bd76 current_first MISS gold='You switched to less water (5 ounces) p got='6 ounces'                                        
[ 15/34]     e493bb7c   stale_first MISS gold='in my bedroom'                          got="above the user's bed in their bedroom"           
[ 15/34]     e493bb7c current_first MISS gold='in my bedroom'                          got='above my living room sofa'                       
[ 16/34]     618f13b2   stale_first MISS gold='six'                                    got='6'                                               
[ 16/34]     618f13b2 current_first MISS gold='six'                                    got='6'                                               
[ 17/34]     18bc8abd   stale_first HIT  gold='Kansas City Masterpiece'                got='Kansas City Masterpiece BBQ sauce'               
[ 17/34]     18bc8abd current_first HIT  gold='Kansas City Masterpiece'                got='Kansas City Masterpiece BBQ sauce'               
[ 18/34]     db467c8c   stale_first HIT  gold='nine months'                            got='nine months'                                     
[ 18/34]     db467c8c current_first HIT  gold='nine months'                            got='nine months'                                     
[ 19/34]     7a87bd0c   stale_first HIT  gold='4 weeks'                                got='4 weeks'                                         
[ 19/34]     7a87bd0c current_first HIT  gold='4 weeks'                                got='4 weeks'                                         
[ 20/34]     e61a7584   stale_first HIT  gold='9 months'                               got='9 months'                                        
[ 20/34]     e61a7584 current_first HIT  gold='9 months'                               got='9 months'                                        
[ 21/34]     1cea1afa   stale_first HIT  gold='600'                                    got='600'                                             
[ 21/34]     1cea1afa current_first HIT  gold='600'                                    got='600'                                             
[ 22/34]     b01defab   stale_first HIT  gold='Yes'                                    got='Yes'                                             
[ 22/34]     b01defab current_first HIT  gold='Yes'                                    got='Yes'                                             
[ 23/34]     0e4e4c46   stale_first HIT  gold='132 points'                             got='132'                                             
[ 23/34]     0e4e4c46 current_first HIT  gold='132 points'                             got='132'                                             
[ 24/34]     4b24c848   stale_first MISS gold='five'                                   got='5'                                               
[ 24/34]     4b24c848 current_first MISS gold='five'                                   got='8'                                               
[ 25/34]     e66b632c   stale_first MISS gold='27 minutes and 45 seconds'              got='26 minutes and 30 seconds'                       
[ 25/34]     e66b632c current_first HIT  gold='27 minutes and 45 seconds'              got='27 minutes and 45 seconds'                       
[ 26/34]     cc5ded98   stale_first MISS gold='about two hours'                        got='two hours'                                       
[ 26/34]     cc5ded98 current_first MISS gold='about two hours'                        got='two hours'                                       
[ 27/34]     dfde3500   stale_first HIT  gold='Wednesday'                              got='Wednesday'                                       
[ 27/34]     dfde3500 current_first HIT  gold='Wednesday'                              got='Wednesday'                                       
[ 28/34]     7401057b   stale_first HIT  gold='Two'                                    got='two'                                             
[ 28/34]     7401057b current_first MISS gold='Two'                                    got='one'                                             
[ 29/34]     3ba21379   stale_first HIT  gold='Ford F-150 pickup truck'                got='Ford F-150 pickup truck'                         
[ 29/34]     3ba21379 current_first HIT  gold='Ford F-150 pickup truck'                got='Ford F-150 pickup truck'                         
[ 30/34]     dad224aa   stale_first HIT  gold='7:30 am'                                got='7:30 am'                                         
[ 30/34]     dad224aa current_first HIT  gold='7:30 am'                                got='7:30 am'                                         
[ 31/34]     42ec0761   stale_first HIT  gold='Yes'                                    got='Yes'                                             
[ 31/34]     42ec0761 current_first HIT  gold='Yes'                                    got='Yes'                                             
[ 32/34]     5c40ec5b   stale_first MISS gold="We've met up twice."                    got='2'                                               
[ 32/34]     5c40ec5b current_first MISS gold="We've met up twice."                    got='2'                                               
[ 33/34]     89941a94   stale_first MISS gold='Yes. (You have a road bike too.)'       got='Yes'                                             
[ 33/34]     89941a94 current_first MISS gold='Yes. (You have a road bike too.)'       got='Yes'                                             
[ 34/34]     07741c45   stale_first MISS gold='in a shoe rack in my closet'            got='in a shoe rack'                                  
[ 34/34]     07741c45 current_first MISS gold='in a shoe rack in my closet'            got='under my bed'                                    

{
  "n_items": 34,
  "stale_first_hits": 23,
  "current_first_hits": 18,
  "discordant_stale_first_only": 6,
  "discordant_current_first_only": 1,
  "note": "PILOT. Exploratory. Crude string scorer. Held-out half untouched."
}

held out for the preregistered run: 34 items
