2026-09-23T20:33:28Z outbox: {"ob-066f18fd921efe26": "held-awaiting-receipt", "ob-1c92f8df841b79d1": "held-awaiting-receipt", "ob-451e089aa4956f55": "held-awaiting-receipt", "ob-473d90c3e8bb72b9": "held-awaiting-receipt", "ob-4f54e23a8b63bfb9": "held-awaiting-receipt", "ob-58eb48faf5bcc548": "held-awaiting-receipt", "ob-6a945accad986a5b": "held-awaiting-receipt", "ob-6dea19717c469ff6": "held-awaiting-receipt", "ob-94d32ea33dedb369": "held-awaiting-receipt", "ob-a8f98fcdf58a0896": "held-awaiting-receipt", "ob-a96f4ea6d0620d6f": "held-awaiting-receipt", "ob-adf348769910ff86": "held-awaiting-receipt", "ob-bc8c95b71ef78637": "held-awaiting-receipt", "ob-e481dcc1fefeb8f9": "held-awaiting-receipt"}
2026-09-23T20:34:55Z due B01-w1.json: settled (interrupted) {"decision": "interrupted", "dedup": false, "timer": "deadline:B01-w1"}
2026-09-23T20:34:55Z due B02-w1.json: settled (interrupted) {"decision": "interrupted", "dedup": false, "timer": "deadline:B02-w1"}
2026-09-23T20:34:55Z due B03-w1.json: settled (interrupted) {"decision": "interrupted", "dedup": false, "timer": "deadline:B03-w1"}
2026-09-23T20:34:55Z due B04-w1.json: settled (interrupted) {"decision": "interrupted", "dedup": false, "timer": "deadline:B04-w1"}
2026-09-23T20:34:55Z due: lock budget spent; remaining markers go to the next holder
2026-09-23T20:34:55Z due backlog SATURATED: 10 deadline marker(s) unsettled for more than 20s (oldest 33s) (duty's wake accepted, transport only: not an acknowledgement)
2026-09-23T20:34:55Z due: lock budget spent; remaining markers go to the next holder
2026-09-23T20:34:55Z due backlog SATURATED: 10 deadline marker(s) unsettled for more than 20s (oldest 34s) (duty's wake accepted within the last minute)
2026-09-23T20:34:55Z yield: ledger-lock budget spent; the rest continues in the next pass
2026-09-23T20:35:13Z due B08-w1.json: settled (recovered) {"decision": "recovered", "dedup": false, "timer": "deadline:B08-w1"}
2026-09-23T20:35:13Z due B09-w1.json: settled (interrupted) {"decision": "interrupted", "dedup": false, "timer": "deadline:B09-w1"}
2026-09-23T20:35:13Z due B10-w1.json: kept for the next holder: interrupted-effect-failed wake to D1: failed (receipt msg-na-38)
2026-09-23T20:35:13Z due: lock budget spent; remaining markers go to the next holder
2026-09-23T20:35:13Z due backlog SATURATED: 5 deadline marker(s) unsettled for more than 20s (oldest 53s) (duty's wake accepted within the last minute)
2026-09-23T20:35:13Z due: lock budget spent; remaining markers go to the next holder
2026-09-23T20:35:13Z due backlog SATURATED: 5 deadline marker(s) unsettled for more than 20s (oldest 53s) (duty's wake accepted within the last minute)
2026-09-23T20:35:13Z yield: ledger-lock budget spent; the rest continues in the next pass
2026-09-23T20:36:01Z B01: no ack, duty failed 2026-09-23T20:35:51Z: wake to U1: failed (receipt msg-B01-60)
2026-09-23T20:36:01Z B01: no ack, director failed 2026-09-23T20:35:51Z: wake to D1: ambiguous (receipt msg-B01-61)
2026-09-23T20:36:11Z B01: no ack, duty sent 2026-09-23T20:36:03Z
2026-09-23T20:36:11Z B02: no ack, duty sent 2026-09-23T20:36:03Z
2026-09-23T20:36:11Z B03: no ack, duty sent 2026-09-23T20:36:03Z
2026-09-23T20:36:11Z B04: no ack, duty sent 2026-09-23T20:36:03Z
2026-09-23T20:36:11Z B05: no ack, duty sent 2026-09-23T20:36:03Z
2026-09-23T20:36:11Z B06: no ack, duty failed 2026-09-23T20:36:03Z: wake to U1: failed (receipt msg-B06-69)
2026-09-23T20:36:11Z B06: no ack, director sent 2026-09-23T20:36:03Z
2026-09-23T20:36:11Z B07: no ack, duty sent 2026-09-23T20:36:03Z
2026-09-23T20:36:24Z B06: no ack, duty sent 2026-09-23T20:36:13Z
2026-09-23T20:36:24Z B08: no ack, duty sent 2026-09-23T20:36:13Z
2026-09-23T20:36:24Z B09: no ack, duty failed 2026-09-23T20:36:13Z: wake to U1: ambiguous (receipt msg-B09-76)
2026-09-23T20:36:24Z B09: no ack, director failed 2026-09-23T20:36:13Z: E_BUDGET_EXHAUSTED: wake to D1 not started: the ledger-lock hold's budget is spent
2026-09-23T20:36:24Z B10: no ack, duty failed 2026-09-23T20:36:13Z: E_BUDGET_EXHAUSTED: wake to U1 not started: the ledger-lock hold's budget is spent
2026-09-23T20:36:24Z B10: no ack, director failed 2026-09-23T20:36:13Z: E_BUDGET_EXHAUSTED: wake to D1 not started: the ledger-lock hold's budget is spent
2026-09-23T20:36:32Z B09: no ack, duty sent 2026-09-23T20:36:26Z
2026-09-23T20:36:32Z B10: no ack, duty sent 2026-09-23T20:36:26Z
2026-09-23T20:36:32Z B11: no ack, duty sent 2026-09-23T20:36:26Z
2026-09-23T20:36:32Z B12: no ack, duty sent 2026-09-23T20:36:26Z
2026-09-23T20:36:32Z B13: no ack, duty sent 2026-09-23T20:36:26Z
2026-09-23T20:36:32Z B14: no ack, duty sent 2026-09-23T20:36:26Z
2026-09-23T20:36:54Z B01: no ack, director sent 2026-09-23T20:36:52Z
2026-09-23T20:36:54Z B02: no ack, director sent 2026-09-23T20:36:52Z
2026-09-23T20:37:07Z B03: no ack, director failed 2026-09-23T20:36:56Z: wake to D1: failed (receipt msg-B03-86)
2026-09-23T20:37:07Z B04: no ack, director sent 2026-09-23T20:36:56Z
2026-09-23T20:37:07Z B05: no ack, director failed 2026-09-23T20:36:56Z: wake to D1: ambiguous (receipt msg-B05-88)
2026-09-23T20:37:13Z B03: no ack, director sent 2026-09-23T20:37:09Z
2026-09-23T20:37:13Z B05: no ack, director sent 2026-09-23T20:37:09Z
2026-09-23T20:37:13Z B07: no ack, director sent 2026-09-23T20:37:09Z
2026-09-23T20:37:13Z B08: no ack, director sent 2026-09-23T20:37:09Z
2026-09-23T20:37:18Z B09: no ack, director failed 2026-09-23T20:37:15Z: wake to D1: failed (receipt msg-B09-93)
2026-09-23T20:37:18Z B10: no ack, director sent 2026-09-23T20:37:15Z
2026-09-23T20:37:18Z B11: no ack, director sent 2026-09-23T20:37:15Z
2026-09-23T20:37:30Z B09: no ack, director sent 2026-09-23T20:37:20Z
2026-09-23T20:37:30Z B12: no ack, director sent 2026-09-23T20:37:20Z
2026-09-23T20:37:30Z B13: no ack, director sent 2026-09-23T20:37:20Z
2026-09-23T20:37:30Z B14: no ack, director failed 2026-09-23T20:37:20Z: wake to D1: ambiguous (receipt msg-B14-99)
