2026-09-23T20:40:32Z outbox: {"ob-0f287e5d0cda99aa": "held-awaiting-receipt", "ob-0f3aac841ce8bf8b": "held-awaiting-receipt", "ob-10433044abf72d3c": "held-awaiting-receipt", "ob-2870a61ae6853c94": "held-awaiting-receipt", "ob-3631be1f40b55606": "held-awaiting-receipt", "ob-3b17f06a8411b2be": "held-awaiting-receipt", "ob-46ef0b81f5d27c71": "held-awaiting-receipt", "ob-4b75158401e23581": "held-awaiting-receipt", "ob-5bf1160715f303a7": "held-awaiting-receipt", "ob-6a979c66d1d716ba": "held-awaiting-receipt", "ob-826c8566cf4edc98": "held-awaiting-receipt", "ob-95ce4e34c33a5d1b": "held-awaiting-receipt", "ob-d1dbbb0f09e9e182": "held-awaiting-receipt", "ob-eb29814945669d43": "held-awaiting-receipt"}
2026-09-23T20:41:59Z due B01-w1.json: settled (interrupted) {"decision": "interrupted", "dedup": false, "timer": "deadline:B01-w1"}
2026-09-23T20:41:59Z due B02-w1.json: settled (interrupted) {"decision": "interrupted", "dedup": false, "timer": "deadline:B02-w1"}
2026-09-23T20:41:59Z due B03-w1.json: settled (interrupted) {"decision": "interrupted", "dedup": false, "timer": "deadline:B03-w1"}
2026-09-23T20:41:59Z due B04-w1.json: settled (interrupted) {"decision": "interrupted", "dedup": false, "timer": "deadline:B04-w1"}
2026-09-23T20:41:59Z due: lock budget spent; remaining markers go to the next holder
2026-09-23T20:41:59Z due backlog SATURATED: 10 deadline marker(s) unsettled for more than 20s (oldest 33s) (report to duty NOT accepted: rc 1; the next holder retries)
2026-09-23T20:42:00Z due: lock budget spent; remaining markers go to the next holder
2026-09-23T20:42:00Z due backlog SATURATED: 10 deadline marker(s) unsettled for more than 20s (oldest 34s) (duty's wake accepted, transport only: not an acknowledgement)
2026-09-23T20:42:00Z yield: ledger-lock budget spent; the rest continues in the next pass
2026-09-23T20:42:18Z due B08-w1.json: settled (recovered) {"decision": "recovered", "dedup": false, "timer": "deadline:B08-w1"}
2026-09-23T20:42:18Z due B09-w1.json: settled (interrupted) {"decision": "interrupted", "dedup": false, "timer": "deadline:B09-w1"}
2026-09-23T20:42:18Z due B10-w1.json: kept for the next holder: interrupted-effect-failed wake to D1: failed (receipt msg-na-37)
2026-09-23T20:42:18Z due: lock budget spent; remaining markers go to the next holder
2026-09-23T20:42:18Z due backlog SATURATED: 5 deadline marker(s) unsettled for more than 20s (oldest 54s) (duty's wake accepted within the last minute)
2026-09-23T20:42:18Z due: lock budget spent; remaining markers go to the next holder
2026-09-23T20:42:18Z due backlog SATURATED: 5 deadline marker(s) unsettled for more than 20s (oldest 54s) (duty's wake accepted within the last minute)
2026-09-23T20:42:18Z yield: ledger-lock budget spent; the rest continues in the next pass
2026-09-23T20:43:06Z B01: no ack, duty failed 2026-09-23T20:42:56Z: wake to U1: failed (receipt msg-B01-61)
2026-09-23T20:43:06Z B01: no ack, director failed 2026-09-23T20:42:56Z: wake to D1: ambiguous (receipt msg-B01-62)
2026-09-23T20:43:06Z B02: no ack, duty failed 2026-09-23T20:42:56Z: E_BUDGET_EXHAUSTED: wake to U1 not started: the ledger-lock hold's budget is spent
2026-09-23T20:43:06Z B02: no ack, director failed 2026-09-23T20:42:56Z: E_BUDGET_EXHAUSTED: wake to D1 not started: the ledger-lock hold's budget is spent
2026-09-23T20:43:16Z B01: no ack, duty sent 2026-09-23T20:43:08Z
2026-09-23T20:43:16Z B02: no ack, duty sent 2026-09-23T20:43:08Z
2026-09-23T20:43:16Z B03: no ack, duty sent 2026-09-23T20:43:08Z
2026-09-23T20:43:16Z B04: no ack, duty sent 2026-09-23T20:43:08Z
2026-09-23T20:43:16Z B05: no ack, duty sent 2026-09-23T20:43:08Z
2026-09-23T20:43:16Z B06: no ack, duty failed 2026-09-23T20:43:08Z: wake to U1: failed (receipt msg-B06-70)
2026-09-23T20:43:16Z B06: no ack, director sent 2026-09-23T20:43:08Z
2026-09-23T20:43:16Z B07: no ack, duty sent 2026-09-23T20:43:08Z
2026-09-23T20:43:29Z B06: no ack, duty sent 2026-09-23T20:43:18Z
2026-09-23T20:43:29Z B08: no ack, duty sent 2026-09-23T20:43:18Z
2026-09-23T20:43:29Z B09: no ack, duty failed 2026-09-23T20:43:18Z: wake to U1: ambiguous (receipt msg-B09-77)
2026-09-23T20:43:29Z B09: no ack, director failed 2026-09-23T20:43:18Z: E_BUDGET_EXHAUSTED: wake to D1 not started: the ledger-lock hold's budget is spent
2026-09-23T20:43:29Z B10: no ack, duty failed 2026-09-23T20:43:18Z: E_BUDGET_EXHAUSTED: wake to U1 not started: the ledger-lock hold's budget is spent
2026-09-23T20:43:29Z B10: no ack, director failed 2026-09-23T20:43:18Z: E_BUDGET_EXHAUSTED: wake to D1 not started: the ledger-lock hold's budget is spent
2026-09-23T20:43:37Z B09: no ack, duty sent 2026-09-23T20:43:31Z
2026-09-23T20:43:37Z B10: no ack, duty sent 2026-09-23T20:43:31Z
2026-09-23T20:43:37Z B11: no ack, duty sent 2026-09-23T20:43:31Z
2026-09-23T20:43:37Z B12: no ack, duty sent 2026-09-23T20:43:31Z
2026-09-23T20:43:37Z B13: no ack, duty sent 2026-09-23T20:43:31Z
2026-09-23T20:43:37Z B14: no ack, duty sent 2026-09-23T20:43:31Z
2026-09-23T20:43:56Z B01: no ack, director sent 2026-09-23T20:43:55Z
2026-09-23T20:44:01Z B02: no ack, director sent 2026-09-23T20:43:58Z
2026-09-23T20:44:01Z B03: no ack, director failed 2026-09-23T20:43:58Z: wake to D1: failed (receipt msg-B03-87)
2026-09-23T20:44:01Z B04: no ack, director sent 2026-09-23T20:43:58Z
2026-09-23T20:44:14Z B03: no ack, director failed 2026-09-23T20:44:03Z: wake to D1: ambiguous (receipt msg-B03-89)
2026-09-23T20:44:14Z B05: no ack, director failed 2026-09-23T20:44:03Z: E_BUDGET_EXHAUSTED: wake to D1 not started: the ledger-lock hold's budget is spent
2026-09-23T20:44:21Z B03: no ack, director sent 2026-09-23T20:44:16Z
2026-09-23T20:44:21Z B05: no ack, director sent 2026-09-23T20:44:16Z
2026-09-23T20:44:21Z B07: no ack, director sent 2026-09-23T20:44:16Z
2026-09-23T20:44:21Z B08: no ack, director sent 2026-09-23T20:44:16Z
2026-09-23T20:44:21Z B09: no ack, director failed 2026-09-23T20:44:16Z: wake to D1: failed (receipt msg-B09-94)
2026-09-23T20:44:28Z B09: no ack, director sent 2026-09-23T20:44:23Z
2026-09-23T20:44:28Z B10: no ack, director sent 2026-09-23T20:44:23Z
2026-09-23T20:44:28Z B11: no ack, director sent 2026-09-23T20:44:23Z
2026-09-23T20:44:28Z B12: no ack, director sent 2026-09-23T20:44:23Z
2026-09-23T20:44:28Z B13: no ack, director sent 2026-09-23T20:44:23Z
