2026-09-23T20:54:27Z due B01-w1.json: settled with an owned delivery failure: settled: cancel failed, director told (E_DELIVERY_UNRESOLVED: notice notice:4358beb2d0d81dd180439ab1 to D1: the outcome of an earlier send is unknown ())
2026-09-23T20:54:27Z due B02-w1.json: settled (interrupted) {"decision": "interrupted", "dedup": false, "timer": "deadline:B02-w1"}
2026-09-23T20:54:27Z due B03-w1.json: settled (interrupted) {"decision": "interrupted", "dedup": false, "timer": "deadline:B03-w1"}
2026-09-23T20:54:27Z due B04-w1.json: settled (interrupted) {"decision": "interrupted", "dedup": false, "timer": "deadline:B04-w1"}
2026-09-23T20:54:27Z due: lock budget spent; remaining markers go to the next holder
2026-09-23T20:54:27Z due backlog SATURATED: 10 deadline marker(s) unsettled for more than 20s (oldest 36s) (duty's wake accepted, transport only: not an acknowledgement)
2026-09-23T20:54:27Z outbox: {"ob-0077027e4f3e9ba0": "held-awaiting-receipt", "ob-147cd24a33a4e78a": "held-awaiting-receipt", "ob-1c8c32d4aacf2af1": "held-awaiting-receipt", "ob-26b6958a900a61b4": "held-awaiting-receipt", "ob-43a2876d6e7084c6": "held-awaiting-receipt", "ob-497661564a517600": "held-awaiting-receipt", "ob-4ac099caf6ba8bee": "held-awaiting-receipt", "ob-4ba35191f747fbbb": "held-awaiting-receipt", "ob-5ec115be694183ff": "held-awaiting-receipt", "ob-6d18a561b69adc29": "held-awaiting-receipt", "ob-6f724820a1d82eb8": "held-awaiting-receipt", "ob-d170ab56c555f06a": "held-awaiting-receipt", "ob-ec1bda72afdf795a": "held-awaiting-receipt", "ob-f736af9252215abc": "held-awaiting-receipt"}
2026-09-23T20:54:27Z due: lock budget spent; remaining markers go to the next holder
2026-09-23T20:54:27Z due backlog SATURATED: 10 deadline marker(s) unsettled for more than 20s (oldest 37s) (duty's wake accepted within the last minute)
2026-09-23T20:54:27Z yield: ledger-lock budget spent; the rest continues in the next pass
2026-09-23T20:54:35Z due B09-w1.json: settled (interrupted) {"decision": "interrupted", "dedup": false, "timer": "deadline:B09-w1"}
2026-09-23T20:54:35Z due B10-w1.json: settled (interrupted) {"decision": "interrupted", "dedup": false, "timer": "deadline:B10-w1"}
2026-09-23T20:54:35Z due B11-w1.json: settled (interrupted) {"decision": "interrupted", "dedup": false, "timer": "deadline:B11-w1"}
2026-09-23T20:54:35Z due B12-w1.json: settled (interrupted) {"decision": "interrupted", "dedup": false, "timer": "deadline:B12-w1"}
2026-09-23T20:54:35Z due: lock budget spent; remaining markers go to the next holder
2026-09-23T20:54:35Z due backlog SATURATED: 2 deadline marker(s) unsettled for more than 20s (oldest 46s) (duty's wake accepted within the last minute)
2026-09-23T20:54:35Z due: lock budget spent; remaining markers go to the next holder
2026-09-23T20:54:35Z due backlog SATURATED: 2 deadline marker(s) unsettled for more than 20s (oldest 46s) (duty's wake accepted within the last minute)
2026-09-23T20:54:35Z yield: ledger-lock budget spent; the rest continues in the next pass
2026-09-23T20:55:58Z B01: no ack, duty sent 2026-09-23T20:55:49Z
2026-09-23T20:55:58Z B02: no ack, duty sent 2026-09-23T20:55:49Z
2026-09-23T20:55:58Z B03: no ack, duty sent 2026-09-23T20:55:49Z
2026-09-23T20:55:58Z B04: no ack, duty sent 2026-09-23T20:55:49Z
2026-09-23T20:55:58Z B05: no ack, duty sent 2026-09-23T20:55:49Z
2026-09-23T20:55:58Z B06: no ack, duty sent 2026-09-23T20:55:49Z
2026-09-23T20:55:58Z B07: no ack, duty sent 2026-09-23T20:55:49Z
2026-09-23T20:55:58Z B08: no ack, duty sent 2026-09-23T20:55:49Z
2026-09-23T20:55:58Z B09: no ack, duty sent 2026-09-23T20:55:49Z
2026-09-23T20:55:58Z B10: no ack, duty failed 2026-09-23T20:55:49Z: E_BUDGET_EXHAUSTED: wake to U1 not started: the ledger-lock hold's budget is spent
2026-09-23T20:55:58Z B10: no ack, director failed 2026-09-23T20:55:49Z: E_BUDGET_EXHAUSTED: wake to D1 not started: the ledger-lock hold's budget is spent
2026-09-23T20:55:58Z B11: no ack, duty failed 2026-09-23T20:55:49Z: E_BUDGET_EXHAUSTED: wake to U1 not started: the ledger-lock hold's budget is spent
2026-09-23T20:55:58Z B11: no ack, director failed 2026-09-23T20:55:49Z: E_BUDGET_EXHAUSTED: wake to D1 not started: the ledger-lock hold's budget is spent
2026-09-23T20:55:58Z B12: no ack, duty failed 2026-09-23T20:55:49Z: E_BUDGET_EXHAUSTED: wake to U1 not started: the ledger-lock hold's budget is spent
2026-09-23T20:55:58Z B12: no ack, director failed 2026-09-23T20:55:49Z: E_BUDGET_EXHAUSTED: wake to D1 not started: the ledger-lock hold's budget is spent
2026-09-23T20:55:58Z B13: no ack, duty failed 2026-09-23T20:55:49Z: E_BUDGET_EXHAUSTED: wake to U1 not started: the ledger-lock hold's budget is spent
2026-09-23T20:55:58Z B13: no ack, director failed 2026-09-23T20:55:49Z: E_BUDGET_EXHAUSTED: wake to D1 not started: the ledger-lock hold's budget is spent
2026-09-23T20:55:58Z B14: no ack, duty failed 2026-09-23T20:55:49Z: E_BUDGET_EXHAUSTED: wake to U1 not started: the ledger-lock hold's budget is spent
2026-09-23T20:55:58Z B14: no ack, director failed 2026-09-23T20:55:49Z: E_BUDGET_EXHAUSTED: wake to D1 not started: the ledger-lock hold's budget is spent
2026-09-23T20:56:39Z B01: no ack, director sent 2026-09-23T20:56:30Z
2026-09-23T20:56:39Z B02: no ack, director sent 2026-09-23T20:56:30Z
2026-09-23T20:56:39Z B03: no ack, director sent 2026-09-23T20:56:30Z
2026-09-23T20:56:39Z B04: no ack, director sent 2026-09-23T20:56:30Z
2026-09-23T20:56:39Z B05: no ack, director sent 2026-09-23T20:56:30Z
2026-09-23T20:56:39Z B06: no ack, director sent 2026-09-23T20:56:30Z
2026-09-23T20:56:39Z B07: no ack, director sent 2026-09-23T20:56:30Z
2026-09-23T20:56:39Z B10: no ack, duty sent 2026-09-23T20:56:30Z
2026-09-23T20:56:39Z B11: no ack, duty sent 2026-09-23T20:56:30Z
2026-09-23T20:56:39Z B12: no ack, duty failed 2026-09-23T20:56:30Z: E_BUDGET_EXHAUSTED: wake to U1 not started: the ledger-lock hold's budget is spent
2026-09-23T20:56:39Z B12: no ack, director failed 2026-09-23T20:56:30Z: E_BUDGET_EXHAUSTED: wake to D1 not started: the ledger-lock hold's budget is spent
2026-09-23T20:56:39Z B13: no ack, duty failed 2026-09-23T20:56:30Z: E_BUDGET_EXHAUSTED: wake to U1 not started: the ledger-lock hold's budget is spent
2026-09-23T20:56:39Z B13: no ack, director failed 2026-09-23T20:56:30Z: E_BUDGET_EXHAUSTED: wake to D1 not started: the ledger-lock hold's budget is spent
2026-09-23T20:56:39Z B14: no ack, duty failed 2026-09-23T20:56:30Z: E_BUDGET_EXHAUSTED: wake to U1 not started: the ledger-lock hold's budget is spent
2026-09-23T20:56:39Z B14: no ack, director failed 2026-09-23T20:56:30Z: E_BUDGET_EXHAUSTED: wake to D1 not started: the ledger-lock hold's budget is spent
2026-09-23T20:57:19Z B08: no ack, director sent 2026-09-23T20:57:10Z
2026-09-23T20:57:19Z B09: no ack, director sent 2026-09-23T20:57:10Z
2026-09-23T20:57:19Z B10: no ack, director sent 2026-09-23T20:57:10Z
2026-09-23T20:57:19Z B11: no ack, director sent 2026-09-23T20:57:10Z
2026-09-23T20:57:19Z B12: no ack, duty sent 2026-09-23T20:57:10Z
2026-09-23T20:57:19Z B12: no ack, director sent 2026-09-23T20:57:10Z
2026-09-23T20:57:19Z B13: no ack, duty sent 2026-09-23T20:57:10Z
2026-09-23T20:57:19Z B13: no ack, director sent 2026-09-23T20:57:10Z
2026-09-23T20:57:19Z B14: no ack, duty sent 2026-09-23T20:57:10Z
2026-09-23T20:57:19Z B14: no ack, director failed 2026-09-23T20:57:10Z: E_BUDGET_EXHAUSTED: wake to D1 not started: the ledger-lock hold's budget is spent
