2026-09-23T20:35:02Z due B01-w1.json: settled with an owned delivery failure: settled: cancel failed, director told (E_DELIVERY_UNRESOLVED: notice notice:4358beb2d0d81dd180439ab1 to D1: the outcome of an earlier send is unknown ())
2026-09-23T20:35:02Z due B02-w1.json: settled (interrupted) {"decision": "interrupted", "dedup": false, "timer": "deadline:B02-w1"}
2026-09-23T20:35:02Z due B03-w1.json: settled (interrupted) {"decision": "interrupted", "dedup": false, "timer": "deadline:B03-w1"}
2026-09-23T20:35:02Z due B04-w1.json: settled (interrupted) {"decision": "interrupted", "dedup": false, "timer": "deadline:B04-w1"}
2026-09-23T20:35:02Z due: lock budget spent; remaining markers go to the next holder
2026-09-23T20:35:02Z due backlog SATURATED: 10 deadline marker(s) unsettled for more than 20s (oldest 36s) (duty's wake accepted, transport only: not an acknowledgement)
2026-09-23T20:35:02Z outbox: {"ob-041f70cf35ebac2b": "held-awaiting-receipt", "ob-09326f36c9ef9098": "held-awaiting-receipt", "ob-324fc2f17fab1d01": "held-awaiting-receipt", "ob-46fe99ed974bef2d": "held-awaiting-receipt", "ob-759a96525ff34e24": "held-awaiting-receipt", "ob-8368347baee69259": "held-awaiting-receipt", "ob-85d9d866ec5906cb": "held-awaiting-receipt", "ob-8cd13fa051afabe7": "held-awaiting-receipt", "ob-a98992b236e9abf6": "held-awaiting-receipt", "ob-d1e81f8b67a34031": "held-awaiting-receipt", "ob-d2f3f3a9ad3ac43d": "held-awaiting-receipt", "ob-d303290fcb61a7ac": "held-awaiting-receipt", "ob-db079e54c9d2686c": "held-awaiting-receipt", "ob-fd0bdca2693b4802": "held-awaiting-receipt"}
2026-09-23T20:35:02Z due: lock budget spent; remaining markers go to the next holder
2026-09-23T20:35:02Z due backlog SATURATED: 10 deadline marker(s) unsettled for more than 20s (oldest 37s) (duty's wake accepted within the last minute)
2026-09-23T20:35:02Z yield: ledger-lock budget spent; the rest continues in the next pass
2026-09-23T20:35:17Z due B09-w1.json: settled (interrupted) {"decision": "interrupted", "dedup": false, "timer": "deadline:B09-w1"}
2026-09-23T20:35:17Z due B10-w1.json: settled (interrupted) {"decision": "interrupted", "dedup": false, "timer": "deadline:B10-w1"}
2026-09-23T20:35:17Z due B11-w1.json: settled (interrupted) {"decision": "interrupted", "dedup": false, "timer": "deadline:B11-w1"}
2026-09-23T20:35:17Z due B12-w1.json: settled (interrupted) {"decision": "interrupted", "dedup": false, "timer": "deadline:B12-w1"}
2026-09-23T20:35:17Z due: lock budget spent; remaining markers go to the next holder
2026-09-23T20:35:17Z due backlog SATURATED: 2 deadline marker(s) unsettled for more than 20s (oldest 52s) (duty's wake accepted within the last minute)
2026-09-23T20:35:17Z due: lock budget spent; remaining markers go to the next holder
2026-09-23T20:35:17Z due backlog SATURATED: 2 deadline marker(s) unsettled for more than 20s (oldest 52s) (duty's wake accepted within the last minute)
2026-09-23T20:35:17Z yield: ledger-lock budget spent; the rest continues in the next pass
2026-09-23T20:36:17Z B01: no ack, duty sent 2026-09-23T20:36:09Z
2026-09-23T20:36:17Z B02: no ack, duty sent 2026-09-23T20:36:09Z
2026-09-23T20:36:17Z B03: no ack, duty sent 2026-09-23T20:36:09Z
2026-09-23T20:36:17Z B04: no ack, duty sent 2026-09-23T20:36:09Z
2026-09-23T20:36:17Z B05: no ack, duty sent 2026-09-23T20:36:09Z
2026-09-23T20:36:17Z B06: no ack, duty sent 2026-09-23T20:36:09Z
2026-09-23T20:36:17Z B07: no ack, duty sent 2026-09-23T20:36:09Z
2026-09-23T20:36:17Z B08: no ack, duty sent 2026-09-23T20:36:09Z
2026-09-23T20:36:55Z B09: no ack, duty sent 2026-09-23T20:36:49Z
2026-09-23T20:36:55Z B10: no ack, duty sent 2026-09-23T20:36:49Z
2026-09-23T20:36:55Z B11: no ack, duty sent 2026-09-23T20:36:49Z
2026-09-23T20:36:55Z B12: no ack, duty sent 2026-09-23T20:36:49Z
2026-09-23T20:36:55Z B13: no ack, duty sent 2026-09-23T20:36:49Z
2026-09-23T20:36:55Z B14: no ack, duty sent 2026-09-23T20:36:49Z
2026-09-23T20:37:25Z B01: no ack, director sent 2026-09-23T20:37:16Z
2026-09-23T20:37:25Z B02: no ack, director sent 2026-09-23T20:37:16Z
2026-09-23T20:37:25Z B03: no ack, director sent 2026-09-23T20:37:16Z
2026-09-23T20:37:25Z B04: no ack, director sent 2026-09-23T20:37:16Z
2026-09-23T20:37:25Z B05: no ack, director sent 2026-09-23T20:37:16Z
2026-09-23T20:37:25Z B06: no ack, director sent 2026-09-23T20:37:16Z
2026-09-23T20:37:25Z B07: no ack, director sent 2026-09-23T20:37:16Z
2026-09-23T20:37:25Z B08: no ack, director sent 2026-09-23T20:37:16Z
2026-09-23T20:37:25Z B09: no ack, director sent 2026-09-23T20:37:16Z
2026-09-23T20:37:25Z B10: no ack, director failed 2026-09-23T20:37:16Z: E_BUDGET_EXHAUSTED: wake to D1 not started: the ledger-lock hold's budget is spent
2026-09-23T20:37:25Z B11: no ack, director failed 2026-09-23T20:37:16Z: E_BUDGET_EXHAUSTED: wake to D1 not started: the ledger-lock hold's budget is spent
