2026-09-23T21:06:51Z due B03-w1.json: settled (recovered) {"decision": "recovered", "dedup": false, "timer": "deadline:B03-w1"}
2026-09-23T21:06:51Z due B04-w1.json: settled (interrupted) {"decision": "interrupted", "dedup": false, "timer": "deadline:B04-w1"}
2026-09-23T21:06:51Z due B05-w1.json: settled (interrupted) {"decision": "interrupted", "dedup": false, "timer": "deadline:B05-w1"}
2026-09-23T21:06:51Z due B06-w1.json: settled (interrupted) {"decision": "interrupted", "dedup": false, "timer": "deadline:B06-w1"}
2026-09-23T21:06:51Z due: lock budget spent; remaining markers go to the next holder
2026-09-23T21:06:51Z due backlog SATURATED: 8 deadline marker(s) unsettled for more than 20s (oldest 41s) (duty's wake accepted, transport only: not an acknowledgement)
2026-09-23T21:06:51Z outbox: {"ob-1ba8ea166df2e82c": "held-awaiting-receipt", "ob-256958a949caf0f7": "held-awaiting-receipt", "ob-26c9aa4381054ab7": "held-awaiting-receipt", "ob-33d7995673ea539d": "held-awaiting-receipt", "ob-5209ae7dfd8664dd": "held-awaiting-receipt", "ob-577b3139f7d64405": "held-awaiting-receipt", "ob-7bef01634eee626d": "held-awaiting-receipt", "ob-80ad1c6a5eaf2097": "held-awaiting-receipt", "ob-84d174a6c9d71b07": "held-awaiting-receipt", "ob-a19119432858493f": "held-awaiting-receipt", "ob-a9f47c06a6fdce32": "held-awaiting-receipt", "ob-caa4552ad88da0be": "held-awaiting-receipt", "ob-cafff2924c195724": "held-awaiting-receipt", "ob-d5c50404f0eee8aa": "held-awaiting-receipt"}
2026-09-23T21:06:51Z due: lock budget spent; remaining markers go to the next holder
2026-09-23T21:06:51Z due backlog SATURATED: 8 deadline marker(s) unsettled for more than 20s (oldest 42s) (duty's wake accepted within the last minute)
2026-09-23T21:06:51Z yield: ledger-lock budget spent; the rest continues in the next pass
2026-09-23T21:06:59Z due B11-w1.json: settled (interrupted) {"decision": "interrupted", "dedup": false, "timer": "deadline:B11-w1"}
2026-09-23T21:06:59Z due B12-w1.json: settled (interrupted) {"decision": "interrupted", "dedup": false, "timer": "deadline:B12-w1"}
2026-09-23T21:06:59Z due B13-w1.json: settled (interrupted) {"decision": "interrupted", "dedup": false, "timer": "deadline:B13-w1"}
2026-09-23T21:06:59Z due B14-w1.json: settled (interrupted) {"decision": "interrupted", "dedup": false, "timer": "deadline:B14-w1"}
2026-09-23T21:06:59Z yield: ledger-lock budget spent; the rest continues in the next pass
2026-09-23T21:07:40Z B01: no ack, duty sent 2026-09-23T21:07:39Z
2026-09-23T21:07:45Z B02: no ack, duty sent 2026-09-23T21:07:44Z
2026-09-23T21:07:48Z B03: no ack, duty sent 2026-09-23T21:07:47Z
2026-09-23T21:07:53Z B04: no ack, duty sent 2026-09-23T21:07:50Z
2026-09-23T21:07:53Z B05: no ack, duty sent 2026-09-23T21:07:50Z
2026-09-23T21:07:53Z B06: no ack, duty sent 2026-09-23T21:07:50Z
2026-09-23T21:07:59Z B07: no ack, duty sent 2026-09-23T21:07:55Z
2026-09-23T21:07:59Z B08: no ack, duty sent 2026-09-23T21:07:55Z
2026-09-23T21:07:59Z B09: no ack, duty sent 2026-09-23T21:07:55Z
2026-09-23T21:07:59Z B10: no ack, duty sent 2026-09-23T21:07:55Z
2026-09-23T21:08:06Z B11: no ack, duty sent 2026-09-23T21:08:01Z
2026-09-23T21:08:06Z B12: no ack, duty sent 2026-09-23T21:08:01Z
2026-09-23T21:08:06Z B13: no ack, duty sent 2026-09-23T21:08:01Z
2026-09-23T21:08:06Z B14: no ack, duty sent 2026-09-23T21:08:01Z
2026-09-23T21:08:41Z B01: no ack, director sent 2026-09-23T21:08:40Z
2026-09-23T21:08:46Z B02: no ack, director sent 2026-09-23T21:08:45Z
2026-09-23T21:08:50Z B03: no ack, director sent 2026-09-23T21:08:48Z
2026-09-23T21:08:50Z B04: no ack, director sent 2026-09-23T21:08:48Z
2026-09-23T21:08:55Z B05: no ack, director sent 2026-09-23T21:08:52Z
2026-09-23T21:08:55Z B06: no ack, director sent 2026-09-23T21:08:52Z
2026-09-23T21:08:55Z B07: no ack, director sent 2026-09-23T21:08:52Z
2026-09-23T21:09:02Z B08: no ack, director sent 2026-09-23T21:08:57Z
2026-09-23T21:09:02Z B09: no ack, director sent 2026-09-23T21:08:57Z
2026-09-23T21:09:02Z B10: no ack, director sent 2026-09-23T21:08:57Z
2026-09-23T21:09:02Z B11: no ack, director sent 2026-09-23T21:08:57Z
2026-09-23T21:09:02Z B12: no ack, director sent 2026-09-23T21:08:57Z
2026-09-23T21:09:06Z B13: no ack, director sent 2026-09-23T21:09:04Z
2026-09-23T21:09:06Z B14: no ack, director sent 2026-09-23T21:09:04Z
