2026-09-23T20:52:53Z outbox: {"ob-27b19b5b515a404c": "held-awaiting-receipt", "ob-2b3f2d532319ab9f": "held-awaiting-receipt", "ob-2c67b17a286df543": "held-awaiting-receipt", "ob-3528f4f0c8d60759": "held-awaiting-receipt", "ob-4b3126dad25a23b8": "held-awaiting-receipt", "ob-624cd912a9e49737": "held-awaiting-receipt", "ob-7ac4e64ea37afd31": "held-awaiting-receipt", "ob-83f53fc7f4175716": "held-awaiting-receipt", "ob-8d4517d0e52e4890": "held-awaiting-receipt", "ob-8dad4126560ae94f": "held-awaiting-receipt", "ob-97d7617cfbeebe98": "held-awaiting-receipt", "ob-d21a649c577ca95e": "held-awaiting-receipt", "ob-f829e2fe52405d79": "held-awaiting-receipt", "ob-fa9162db0ec2bf1f": "held-awaiting-receipt"}
2026-09-23T20:54:20Z due B01-w1.json: settled (interrupted) {"decision": "interrupted", "dedup": false, "timer": "deadline:B01-w1"}
2026-09-23T20:54:20Z due B02-w1.json: settled (interrupted) {"decision": "interrupted", "dedup": false, "timer": "deadline:B02-w1"}
2026-09-23T20:54:20Z due B03-w1.json: settled (interrupted) {"decision": "interrupted", "dedup": false, "timer": "deadline:B03-w1"}
2026-09-23T20:54:20Z due B04-w1.json: settled (interrupted) {"decision": "interrupted", "dedup": false, "timer": "deadline:B04-w1"}
2026-09-23T20:54:20Z due: lock budget spent; remaining markers go to the next holder
2026-09-23T20:54:20Z due backlog SATURATED: 10 deadline marker(s) unsettled for more than 20s (oldest 33s) (report to duty NOT accepted: rc 1; the next holder retries)
2026-09-23T20:54:21Z due: lock budget spent; remaining markers go to the next holder
2026-09-23T20:54:21Z due backlog SATURATED: 10 deadline marker(s) unsettled for more than 20s (oldest 34s) (duty's wake accepted, transport only: not an acknowledgement)
2026-09-23T20:54:21Z yield: ledger-lock budget spent; the rest continues in the next pass
2026-09-23T20:54:39Z due B08-w1.json: settled (recovered) {"decision": "recovered", "dedup": false, "timer": "deadline:B08-w1"}
2026-09-23T20:54:39Z due B09-w1.json: settled (interrupted) {"decision": "interrupted", "dedup": false, "timer": "deadline:B09-w1"}
2026-09-23T20:54:39Z due B10-w1.json: kept for the next holder: interrupted-effect-failed wake to D1: failed (receipt msg-na-37)
2026-09-23T20:54:39Z due: lock budget spent; remaining markers go to the next holder
2026-09-23T20:54:39Z due backlog SATURATED: 5 deadline marker(s) unsettled for more than 20s (oldest 54s) (duty's wake accepted within the last minute)
2026-09-23T20:54:39Z due: lock budget spent; remaining markers go to the next holder
2026-09-23T20:54:39Z due backlog SATURATED: 5 deadline marker(s) unsettled for more than 20s (oldest 54s) (duty's wake accepted within the last minute)
2026-09-23T20:54:39Z yield: ledger-lock budget spent; the rest continues in the next pass
2026-09-23T20:55:27Z B01: no ack, duty failed 2026-09-23T20:55:17Z: wake to U1: failed (receipt msg-B01-61)
2026-09-23T20:55:27Z B01: no ack, director failed 2026-09-23T20:55:17Z: wake to D1: ambiguous (receipt msg-B01-62)
2026-09-23T20:55:27Z B02: no ack, duty failed 2026-09-23T20:55:17Z: E_BUDGET_EXHAUSTED: wake to U1 not started: the ledger-lock hold's budget is spent
2026-09-23T20:55:27Z B02: no ack, director failed 2026-09-23T20:55:17Z: E_BUDGET_EXHAUSTED: wake to D1 not started: the ledger-lock hold's budget is spent
2026-09-23T20:55:38Z B01: no ack, duty sent 2026-09-23T20:55:29Z
2026-09-23T20:55:38Z B02: no ack, duty sent 2026-09-23T20:55:29Z
2026-09-23T20:55:38Z B03: no ack, duty sent 2026-09-23T20:55:29Z
2026-09-23T20:55:38Z B04: no ack, duty sent 2026-09-23T20:55:29Z
2026-09-23T20:55:38Z B05: no ack, duty sent 2026-09-23T20:55:29Z
2026-09-23T20:55:38Z B06: no ack, duty failed 2026-09-23T20:55:29Z: wake to U1: failed (receipt msg-B06-70)
2026-09-23T20:55:38Z B06: no ack, director sent 2026-09-23T20:55:29Z
2026-09-23T20:55:38Z B07: no ack, duty sent 2026-09-23T20:55:29Z
2026-09-23T20:55:50Z B06: no ack, duty sent 2026-09-23T20:55:40Z
2026-09-23T20:55:50Z B08: no ack, duty sent 2026-09-23T20:55:40Z
2026-09-23T20:55:50Z B09: no ack, duty failed 2026-09-23T20:55:40Z: wake to U1: ambiguous (receipt msg-B09-77)
2026-09-23T20:55:50Z B09: no ack, director failed 2026-09-23T20:55:40Z: E_BUDGET_EXHAUSTED: wake to D1 not started: the ledger-lock hold's budget is spent
2026-09-23T20:55:50Z B10: no ack, duty failed 2026-09-23T20:55:40Z: E_BUDGET_EXHAUSTED: wake to U1 not started: the ledger-lock hold's budget is spent
2026-09-23T20:55:50Z B10: no ack, director failed 2026-09-23T20:55:40Z: E_BUDGET_EXHAUSTED: wake to D1 not started: the ledger-lock hold's budget is spent
2026-09-23T20:55:58Z B09: no ack, duty sent 2026-09-23T20:55:52Z
2026-09-23T20:55:58Z B10: no ack, duty sent 2026-09-23T20:55:52Z
2026-09-23T20:55:58Z B11: no ack, duty sent 2026-09-23T20:55:52Z
2026-09-23T20:55:58Z B12: no ack, duty sent 2026-09-23T20:55:52Z
2026-09-23T20:55:58Z B13: no ack, duty sent 2026-09-23T20:55:52Z
2026-09-23T20:55:58Z B14: no ack, duty sent 2026-09-23T20:55:52Z
2026-09-23T20:56:17Z B01: no ack, director sent 2026-09-23T20:56:16Z
2026-09-23T20:56:22Z B02: no ack, director sent 2026-09-23T20:56:19Z
2026-09-23T20:56:22Z B03: no ack, director failed 2026-09-23T20:56:19Z: wake to D1: failed (receipt msg-B03-87)
2026-09-23T20:56:22Z B04: no ack, director sent 2026-09-23T20:56:19Z
2026-09-23T20:56:35Z B03: no ack, director failed 2026-09-23T20:56:24Z: wake to D1: ambiguous (receipt msg-B03-89)
2026-09-23T20:56:35Z B05: no ack, director failed 2026-09-23T20:56:24Z: E_BUDGET_EXHAUSTED: wake to D1 not started: the ledger-lock hold's budget is spent
2026-09-23T20:56:42Z B03: no ack, director sent 2026-09-23T20:56:37Z
2026-09-23T20:56:42Z B05: no ack, director sent 2026-09-23T20:56:37Z
2026-09-23T20:56:42Z B07: no ack, director sent 2026-09-23T20:56:37Z
2026-09-23T20:56:42Z B08: no ack, director sent 2026-09-23T20:56:37Z
2026-09-23T20:56:42Z B09: no ack, director failed 2026-09-23T20:56:37Z: wake to D1: failed (receipt msg-B09-94)
2026-09-23T20:56:49Z B09: no ack, director sent 2026-09-23T20:56:44Z
2026-09-23T20:56:49Z B10: no ack, director sent 2026-09-23T20:56:44Z
2026-09-23T20:56:49Z B11: no ack, director sent 2026-09-23T20:56:44Z
2026-09-23T20:56:49Z B12: no ack, director sent 2026-09-23T20:56:44Z
2026-09-23T20:56:49Z B13: no ack, director sent 2026-09-23T20:56:44Z
