CMD: PYTHONPATH=src python -m pytest -v tests/test_amendment2_reconcile.py tests/test_amendment2_timer.py
START: 2026-09-22T16:00:04Z
============================= test session starts ==============================
platform linux -- Python 3.14.6, pytest-9.0.3, pluggy-1.6.0 -- /usr/bin/python
cachedir: .pytest_cache
rootdir: /var/home/bmosher/memory-bake-off/campaign4/packages/P6-r9-observer-lifetime
plugins: anyio-4.12.1, asyncio-1.3.0, timeout-2.4.0
asyncio: mode=Mode.STRICT, debug=False, asyncio_default_fixture_loop_scope=None, asyncio_default_test_loop_scope=function
collecting ... collected 7 items

tests/test_amendment2_reconcile.py::test_reattach_reuses_matching_host_timer_no_recreate PASSED [ 14%]
tests/test_amendment2_reconcile.py::test_reattach_reconstructs_missing_host_timer_bounded PASSED [ 28%]
tests/test_amendment2_reconcile.py::test_reattach_conflicting_deadline_owned_failure PASSED [ 42%]
tests/test_amendment2_reconcile.py::test_reattach_query_failure_owned_failure PASSED [ 57%]
tests/test_amendment2_timer.py::test_unit_normalized_once PASSED         [ 71%]
tests/test_amendment2_timer.py::test_duplicate_create_rejects_and_reuse_no_second_call PASSED [ 85%]
tests/test_amendment2_timer.py::test_callback_argv_has_db_and_exact_parser_two_dbs PASSED [100%]

======================== 7 passed in 247.33s (0:04:07) =========================

real	4m7.562s
user	0m1.119s
sys	0m0.204s
RC=0 END: 2026-09-22T16:04:12Z
