2026-09-23T20:33:30Z outbox: {"ob-0fa2327d68f3eef0": "held-awaiting-receipt", "ob-11d0fbecef34a9ef": "held-awaiting-receipt", "ob-289cfd7058c9b13c": "held-awaiting-receipt", "ob-34b9c6f50543f85a": "held-awaiting-receipt", "ob-4ccb5e2b0b651617": "held-awaiting-receipt", "ob-55dbb0b607be0cdc": "held-awaiting-receipt", "ob-7bc233983c798610": "held-awaiting-receipt", "ob-8465d0ccf60443a3": "held-awaiting-receipt", "ob-a2ab631f7abd212f": "held-awaiting-receipt", "ob-a4d3cce725ee383a": "held-awaiting-receipt", "ob-ae661f03ec04cbb1": "held-awaiting-receipt", "ob-c096bd6ef8e70d0b": "held-awaiting-receipt", "ob-f04d6d69ca2d2ee5": "held-awaiting-receipt", "ob-fa84719dfd66d967": "held-awaiting-receipt"}
2026-09-23T20:35:06Z due B05-w1.json: settled (interrupted) {"decision": "interrupted", "dedup": false, "timer": "deadline:B05-w1"}
2026-09-23T20:35:06Z due B06-w1.json: kept for the next holder: interrupted-effect-failed wake to D1: failed (receipt msg-na-27)
2026-09-23T20:35:06Z due B07-w1.json: settled (interrupted) {"decision": "interrupted", "dedup": false, "timer": "deadline:B07-w1"}
2026-09-23T20:35:06Z due: lock budget spent; remaining markers go to the next holder
2026-09-23T20:35:06Z due backlog SATURATED: 8 deadline marker(s) unsettled for more than 20s (oldest 44s) (duty's wake accepted within the last minute)
2026-09-23T20:35:06Z due: lock budget spent; remaining markers go to the next holder
2026-09-23T20:35:06Z due backlog SATURATED: 8 deadline marker(s) unsettled for more than 20s (oldest 44s) (duty's wake accepted within the last minute)
2026-09-23T20:35:06Z yield: ledger-lock budget spent; the rest continues in the next pass
2026-09-23T20:35:31Z due B10-w1.json: settled (recovered) {"decision": "recovered", "dedup": false, "timer": "deadline:B10-w1"}
2026-09-23T20:35:31Z due B11-w1.json: settled (interrupted) {"decision": "interrupted", "dedup": false, "timer": "deadline:B11-w1"}
2026-09-23T20:35:31Z due B12-w1.json: settled (interrupted) {"decision": "interrupted", "dedup": false, "timer": "deadline:B12-w1"}
2026-09-23T20:35:31Z due B13-w1.json: settled (interrupted) {"decision": "interrupted", "dedup": false, "timer": "deadline:B13-w1"}
2026-09-23T20:35:31Z due: lock budget spent; remaining markers go to the next holder
2026-09-23T20:35:31Z due backlog SATURATED: 1 deadline marker(s) unsettled for more than 20s (oldest 1m9s) (duty's wake accepted within the last minute)
2026-09-23T20:35:31Z due: lock budget spent; remaining markers go to the next holder
2026-09-23T20:35:31Z due backlog SATURATED: 1 deadline marker(s) unsettled for more than 20s (oldest 1m9s) (duty's wake accepted within the last minute)
2026-09-23T20:35:31Z yield: ledger-lock budget spent; the rest continues in the next pass
2026-09-23T20:36:35Z B01: no ack, duty failed 2026-09-23T20:36:24Z: wake to U1: failed (receipt msg-B01-55)
2026-09-23T20:36:35Z B01: no ack, director failed 2026-09-23T20:36:24Z: wake to D1: ambiguous (receipt msg-B01-56)
2026-09-23T20:36:35Z B02: no ack, duty failed 2026-09-23T20:36:24Z: E_BUDGET_EXHAUSTED: wake to U1 not started: the ledger-lock hold's budget is spent
2026-09-23T20:36:35Z B02: no ack, director failed 2026-09-23T20:36:24Z: E_BUDGET_EXHAUSTED: wake to D1 not started: the ledger-lock hold's budget is spent
2026-09-23T20:36:35Z B03: no ack, duty failed 2026-09-23T20:36:24Z: E_BUDGET_EXHAUSTED: wake to U1 not started: the ledger-lock hold's budget is spent
2026-09-23T20:36:35Z B03: no ack, director failed 2026-09-23T20:36:24Z: E_BUDGET_EXHAUSTED: wake to D1 not started: the ledger-lock hold's budget is spent
2026-09-23T20:36:35Z B04: no ack, duty failed 2026-09-23T20:36:24Z: E_BUDGET_EXHAUSTED: wake to U1 not started: the ledger-lock hold's budget is spent
2026-09-23T20:36:35Z B04: no ack, director failed 2026-09-23T20:36:24Z: E_BUDGET_EXHAUSTED: wake to D1 not started: the ledger-lock hold's budget is spent
2026-09-23T20:36:35Z B05: no ack, duty failed 2026-09-23T20:36:24Z: E_BUDGET_EXHAUSTED: wake to U1 not started: the ledger-lock hold's budget is spent
2026-09-23T20:36:35Z B05: no ack, director failed 2026-09-23T20:36:24Z: E_BUDGET_EXHAUSTED: wake to D1 not started: the ledger-lock hold's budget is spent
2026-09-23T20:36:35Z B06: no ack, duty failed 2026-09-23T20:36:24Z: E_BUDGET_EXHAUSTED: wake to U1 not started: the ledger-lock hold's budget is spent
2026-09-23T20:36:35Z B06: no ack, director failed 2026-09-23T20:36:24Z: E_BUDGET_EXHAUSTED: wake to D1 not started: the ledger-lock hold's budget is spent
2026-09-23T20:36:35Z B07: no ack, duty failed 2026-09-23T20:36:24Z: E_BUDGET_EXHAUSTED: wake to U1 not started: the ledger-lock hold's budget is spent
2026-09-23T20:36:35Z B07: no ack, director failed 2026-09-23T20:36:24Z: E_BUDGET_EXHAUSTED: wake to D1 not started: the ledger-lock hold's budget is spent
2026-09-23T20:36:35Z B08: no ack, duty failed 2026-09-23T20:36:24Z: E_BUDGET_EXHAUSTED: wake to U1 not started: the ledger-lock hold's budget is spent
2026-09-23T20:36:35Z B08: no ack, director failed 2026-09-23T20:36:24Z: E_BUDGET_EXHAUSTED: wake to D1 not started: the ledger-lock hold's budget is spent
2026-09-23T20:36:35Z B09: no ack, duty failed 2026-09-23T20:36:24Z: E_BUDGET_EXHAUSTED: wake to U1 not started: the ledger-lock hold's budget is spent
2026-09-23T20:36:35Z B09: no ack, director failed 2026-09-23T20:36:24Z: E_BUDGET_EXHAUSTED: wake to D1 not started: the ledger-lock hold's budget is spent
2026-09-23T20:36:35Z B10: no ack, duty failed 2026-09-23T20:36:24Z: E_BUDGET_EXHAUSTED: wake to U1 not started: the ledger-lock hold's budget is spent
2026-09-23T20:36:35Z B10: no ack, director failed 2026-09-23T20:36:24Z: E_BUDGET_EXHAUSTED: wake to D1 not started: the ledger-lock hold's budget is spent
2026-09-23T20:36:54Z B01: no ack, duty sent 2026-09-23T20:36:45Z
2026-09-23T20:36:54Z B02: no ack, duty sent 2026-09-23T20:36:45Z
2026-09-23T20:36:54Z B03: no ack, duty sent 2026-09-23T20:36:45Z
2026-09-23T20:36:54Z B04: no ack, duty sent 2026-09-23T20:36:45Z
2026-09-23T20:36:54Z B05: no ack, duty sent 2026-09-23T20:36:45Z
2026-09-23T20:36:54Z B06: no ack, duty failed 2026-09-23T20:36:45Z: wake to U1: failed (receipt msg-B06-63)
2026-09-23T20:36:54Z B06: no ack, director sent 2026-09-23T20:36:45Z
2026-09-23T20:36:54Z B07: no ack, duty sent 2026-09-23T20:36:45Z
2026-09-23T20:36:54Z B08: no ack, duty sent 2026-09-23T20:36:45Z
2026-09-23T20:36:54Z B09: no ack, duty failed 2026-09-23T20:36:45Z: E_BUDGET_EXHAUSTED: wake to U1 not started: the ledger-lock hold's budget is spent
2026-09-23T20:36:54Z B09: no ack, director failed 2026-09-23T20:36:45Z: E_BUDGET_EXHAUSTED: wake to D1 not started: the ledger-lock hold's budget is spent
2026-09-23T20:36:54Z B10: no ack, duty failed 2026-09-23T20:36:45Z: E_BUDGET_EXHAUSTED: wake to U1 not started: the ledger-lock hold's budget is spent
2026-09-23T20:36:54Z B10: no ack, director failed 2026-09-23T20:36:45Z: E_BUDGET_EXHAUSTED: wake to D1 not started: the ledger-lock hold's budget is spent
2026-09-23T20:36:54Z B11: no ack, duty failed 2026-09-23T20:36:45Z: E_BUDGET_EXHAUSTED: wake to U1 not started: the ledger-lock hold's budget is spent
2026-09-23T20:36:54Z B11: no ack, director failed 2026-09-23T20:36:45Z: E_BUDGET_EXHAUSTED: wake to D1 not started: the ledger-lock hold's budget is spent
2026-09-23T20:36:54Z B12: no ack, duty failed 2026-09-23T20:36:45Z: E_BUDGET_EXHAUSTED: wake to U1 not started: the ledger-lock hold's budget is spent
2026-09-23T20:36:54Z B12: no ack, director failed 2026-09-23T20:36:45Z: E_BUDGET_EXHAUSTED: wake to D1 not started: the ledger-lock hold's budget is spent
2026-09-23T20:36:54Z B13: no ack, duty failed 2026-09-23T20:36:45Z: E_BUDGET_EXHAUSTED: wake to U1 not started: the ledger-lock hold's budget is spent
2026-09-23T20:36:54Z B13: no ack, director failed 2026-09-23T20:36:45Z: E_BUDGET_EXHAUSTED: wake to D1 not started: the ledger-lock hold's budget is spent
2026-09-23T20:36:54Z B14: no ack, duty failed 2026-09-23T20:36:45Z: E_BUDGET_EXHAUSTED: wake to U1 not started: the ledger-lock hold's budget is spent
2026-09-23T20:36:54Z B14: no ack, director failed 2026-09-23T20:36:45Z: E_BUDGET_EXHAUSTED: wake to D1 not started: the ledger-lock hold's budget is spent
2026-09-23T20:37:07Z B01: no ack, director sent 2026-09-23T20:36:56Z
2026-09-23T20:37:07Z B02: no ack, director failed 2026-09-23T20:36:56Z: wake to D1: ambiguous (receipt msg-B02-68)
2026-09-23T20:37:07Z B03: no ack, director failed 2026-09-23T20:36:56Z: E_BUDGET_EXHAUSTED: wake to D1 not started: the ledger-lock hold's budget is spent
2026-09-23T20:37:07Z B04: no ack, director failed 2026-09-23T20:36:56Z: E_BUDGET_EXHAUSTED: wake to D1 not started: the ledger-lock hold's budget is spent
2026-09-23T20:37:07Z B06: no ack, duty failed 2026-09-23T20:36:56Z: E_BUDGET_EXHAUSTED: wake to U1 not started: the ledger-lock hold's budget is spent
2026-09-23T20:37:07Z B09: no ack, duty failed 2026-09-23T20:36:56Z: E_BUDGET_EXHAUSTED: wake to U1 not started: the ledger-lock hold's budget is spent
2026-09-23T20:37:07Z B09: no ack, director failed 2026-09-23T20:36:56Z: E_BUDGET_EXHAUSTED: wake to D1 not started: the ledger-lock hold's budget is spent
2026-09-23T20:37:07Z B10: no ack, duty failed 2026-09-23T20:36:56Z: E_BUDGET_EXHAUSTED: wake to U1 not started: the ledger-lock hold's budget is spent
2026-09-23T20:37:07Z B10: no ack, director failed 2026-09-23T20:36:56Z: E_BUDGET_EXHAUSTED: wake to D1 not started: the ledger-lock hold's budget is spent
2026-09-23T20:37:07Z B11: no ack, duty failed 2026-09-23T20:36:56Z: E_BUDGET_EXHAUSTED: wake to U1 not started: the ledger-lock hold's budget is spent
2026-09-23T20:37:07Z B11: no ack, director failed 2026-09-23T20:36:56Z: E_BUDGET_EXHAUSTED: wake to D1 not started: the ledger-lock hold's budget is spent
2026-09-23T20:37:07Z B12: no ack, duty failed 2026-09-23T20:36:56Z: E_BUDGET_EXHAUSTED: wake to U1 not started: the ledger-lock hold's budget is spent
2026-09-23T20:37:07Z B12: no ack, director failed 2026-09-23T20:36:56Z: E_BUDGET_EXHAUSTED: wake to D1 not started: the ledger-lock hold's budget is spent
2026-09-23T20:37:07Z B13: no ack, duty failed 2026-09-23T20:36:56Z: E_BUDGET_EXHAUSTED: wake to U1 not started: the ledger-lock hold's budget is spent
2026-09-23T20:37:07Z B13: no ack, director failed 2026-09-23T20:36:56Z: E_BUDGET_EXHAUSTED: wake to D1 not started: the ledger-lock hold's budget is spent
2026-09-23T20:37:07Z B14: no ack, duty failed 2026-09-23T20:36:56Z: E_BUDGET_EXHAUSTED: wake to U1 not started: the ledger-lock hold's budget is spent
2026-09-23T20:37:07Z B14: no ack, director failed 2026-09-23T20:36:56Z: E_BUDGET_EXHAUSTED: wake to D1 not started: the ledger-lock hold's budget is spent
2026-09-23T20:37:18Z B02: no ack, director sent 2026-09-23T20:37:09Z
2026-09-23T20:37:18Z B03: no ack, director sent 2026-09-23T20:37:09Z
2026-09-23T20:37:18Z B04: no ack, director sent 2026-09-23T20:37:09Z
2026-09-23T20:37:18Z B05: no ack, director sent 2026-09-23T20:37:09Z
2026-09-23T20:37:18Z B06: no ack, duty sent 2026-09-23T20:37:09Z
2026-09-23T20:37:18Z B07: no ack, director sent 2026-09-23T20:37:09Z
2026-09-23T20:37:18Z B09: no ack, duty sent 2026-09-23T20:37:09Z
2026-09-23T20:37:18Z B10: no ack, duty sent 2026-09-23T20:37:09Z
2026-09-23T20:37:18Z B11: no ack, duty failed 2026-09-23T20:37:09Z: wake to U1: failed (receipt msg-B11-77)
2026-09-23T20:37:18Z B11: no ack, director failed 2026-09-23T20:37:09Z: E_BUDGET_EXHAUSTED: wake to D1 not started: the ledger-lock hold's budget is spent
2026-09-23T20:37:18Z B12: no ack, duty failed 2026-09-23T20:37:09Z: E_BUDGET_EXHAUSTED: wake to U1 not started: the ledger-lock hold's budget is spent
2026-09-23T20:37:18Z B12: no ack, director failed 2026-09-23T20:37:09Z: E_BUDGET_EXHAUSTED: wake to D1 not started: the ledger-lock hold's budget is spent
2026-09-23T20:37:18Z B13: no ack, duty failed 2026-09-23T20:37:09Z: E_BUDGET_EXHAUSTED: wake to U1 not started: the ledger-lock hold's budget is spent
2026-09-23T20:37:18Z B13: no ack, director failed 2026-09-23T20:37:09Z: E_BUDGET_EXHAUSTED: wake to D1 not started: the ledger-lock hold's budget is spent
2026-09-23T20:37:18Z B14: no ack, duty failed 2026-09-23T20:37:09Z: E_BUDGET_EXHAUSTED: wake to U1 not started: the ledger-lock hold's budget is spent
2026-09-23T20:37:18Z B14: no ack, director failed 2026-09-23T20:37:09Z: E_BUDGET_EXHAUSTED: wake to D1 not started: the ledger-lock hold's budget is spent
2026-09-23T20:37:30Z B08: no ack, director sent 2026-09-23T20:37:20Z
2026-09-23T20:37:30Z B09: no ack, director failed 2026-09-23T20:37:20Z: wake to D1: ambiguous (receipt msg-B09-79)
2026-09-23T20:37:30Z B10: no ack, director failed 2026-09-23T20:37:20Z: E_BUDGET_EXHAUSTED: wake to D1 not started: the ledger-lock hold's budget is spent
2026-09-23T20:37:30Z B11: no ack, duty failed 2026-09-23T20:37:20Z: E_BUDGET_EXHAUSTED: wake to U1 not started: the ledger-lock hold's budget is spent
2026-09-23T20:37:30Z B11: no ack, director failed 2026-09-23T20:37:20Z: E_BUDGET_EXHAUSTED: wake to D1 not started: the ledger-lock hold's budget is spent
2026-09-23T20:37:30Z B12: no ack, duty failed 2026-09-23T20:37:20Z: E_BUDGET_EXHAUSTED: wake to U1 not started: the ledger-lock hold's budget is spent
2026-09-23T20:37:30Z B12: no ack, director failed 2026-09-23T20:37:20Z: E_BUDGET_EXHAUSTED: wake to D1 not started: the ledger-lock hold's budget is spent
2026-09-23T20:37:30Z B13: no ack, duty failed 2026-09-23T20:37:20Z: E_BUDGET_EXHAUSTED: wake to U1 not started: the ledger-lock hold's budget is spent
2026-09-23T20:37:30Z B13: no ack, director failed 2026-09-23T20:37:20Z: E_BUDGET_EXHAUSTED: wake to D1 not started: the ledger-lock hold's budget is spent
2026-09-23T20:37:30Z B14: no ack, duty failed 2026-09-23T20:37:20Z: E_BUDGET_EXHAUSTED: wake to U1 not started: the ledger-lock hold's budget is spent
2026-09-23T20:37:30Z B14: no ack, director failed 2026-09-23T20:37:20Z: E_BUDGET_EXHAUSTED: wake to D1 not started: the ledger-lock hold's budget is spent
