2026-09-23T15:12:30.018Z WALLSTOP: stopping p11live-driver-W081159.scope (driver and children)
2026-09-23T15:12:30.026Z cleanup (exact IDs)
2026-09-23T15:12:30.029Z + systemctl --user stop agent-loop-liveness-fxW081159.timer agent-loop-liveness-fxW081159.service agent-loop-fxW081159.service
2026-09-23T15:12:30.031Z   rc=0
2026-09-23T15:12:30.034Z + systemctl --user reset-failed agent-loop-fxW081159* agent-loop-liveness-fxW081159*
2026-09-23T15:12:30.036Z   rc=0
2026-09-23T15:12:30.037Z + rm -f /tmp/p11-f2-TzQQ/sd/agent-loop-fxW081159.service /tmp/p11-f2-TzQQ/sd/agent-loop-liveness-fxW081159.service /tmp/p11-f2-TzQQ/sd/agent-loop-liveness-fxW081159.timer
2026-09-23T15:12:30.038Z   rc=0
2026-09-23T15:12:30.039Z + rm -rf /tmp/p11-f2-TzQQ/sd/agent-loop-fxW081159.service.d
2026-09-23T15:12:30.040Z   rc=0
2026-09-23T15:12:30.041Z + systemctl --user daemon-reload
2026-09-23T15:12:30.044Z   rc=0
2026-09-23T15:12:30.044Z + agent-deck session stop W1
2026-09-23T15:12:30.047Z   rc=0
2026-09-23T15:12:30.047Z + agent-deck session remove W1
2026-09-23T15:12:30.050Z   rc=0
2026-09-23T15:12:30.051Z + agent-deck session stop V1
2026-09-23T15:12:30.053Z   rc=0
2026-09-23T15:12:30.054Z + agent-deck session remove V1
2026-09-23T15:12:30.056Z   rc=0
2026-09-23T15:12:30.057Z + agent-deck session stop D1
2026-09-23T15:12:30.059Z   rc=0
2026-09-23T15:12:30.060Z + agent-deck session remove D1
2026-09-23T15:12:30.062Z   rc=0
2026-09-23T15:12:30.062Z + agent-deck session stop U1
2026-09-23T15:12:30.065Z   rc=0
2026-09-23T15:12:30.066Z + agent-deck session remove U1
2026-09-23T15:12:30.068Z   rc=0
2026-09-23T15:12:30.068Z + systemctl --user stop p11live-wallstop-W081159.timer
2026-09-23T15:12:30.073Z   rc=0
2026-09-23T15:12:30.074Z cleanup done
