2026-09-23T20:06:58Z outbox: {"ob-098a566e0d096a2f": "held-awaiting-receipt", "ob-0f9b9417abbb276f": "held-awaiting-receipt", "ob-2168c80171857095": "held-awaiting-receipt", "ob-39025f4cd3fafaa7": "held-awaiting-receipt", "ob-5bd09f05ecd0ebb0": "held-awaiting-receipt", "ob-8415e18b1c0430a7": "held-awaiting-receipt", "ob-991fcb50aafd0252": "held-awaiting-receipt", "ob-99cf96be0285fa32": "held-awaiting-receipt", "ob-a59d62097d6484ba": "held-awaiting-receipt", "ob-c27b95c7138da242": "held-awaiting-receipt", "ob-c6ea4ae5f43d46dc": "held-awaiting-receipt", "ob-d850fc6094eb6ac3": "held-awaiting-receipt", "ob-f0a7b80a57303d99": "held-awaiting-receipt", "ob-ffe4771aa1dfe3c7": "held-awaiting-receipt"}
agent-loop: pass skipped: E_LEDGER_BUSY: ledger /var/tmp/p12-rp-QvWV/fx.db held by another writer for more than 1m0s
2026-09-23T20:09:41Z B01: no ack, duty failed 2026-09-23T20:09:32Z: wake to U1: failed (receipt msg-B01-54)
2026-09-23T20:09:41Z B01: no ack, director sent 2026-09-23T20:09:32Z
2026-09-23T20:09:41Z B02: no ack, duty sent 2026-09-23T20:09:32Z
2026-09-23T20:09:41Z B03: no ack, duty sent 2026-09-23T20:09:32Z
2026-09-23T20:09:41Z B04: no ack, duty sent 2026-09-23T20:09:32Z
2026-09-23T20:09:41Z B05: no ack, duty failed 2026-09-23T20:09:32Z: wake to U1: failed (receipt msg-B05-59)
2026-09-23T20:09:41Z B05: no ack, director sent 2026-09-23T20:09:32Z
2026-09-23T20:09:41Z B06: no ack, duty sent 2026-09-23T20:09:32Z
2026-09-23T20:09:41Z B07: no ack, duty sent 2026-09-23T20:09:32Z
2026-09-23T20:10:00Z B01: no ack, duty sent 2026-09-23T20:09:52Z
2026-09-23T20:10:00Z B05: no ack, duty failed 2026-09-23T20:09:52Z: wake to U1: failed (receipt msg-B05-65)
2026-09-23T20:10:00Z B08: no ack, duty sent 2026-09-23T20:09:52Z
2026-09-23T20:10:00Z B09: no ack, duty sent 2026-09-23T20:09:52Z
2026-09-23T20:10:00Z B10: no ack, duty sent 2026-09-23T20:09:52Z
2026-09-23T20:10:00Z B11: no ack, duty sent 2026-09-23T20:09:52Z
2026-09-23T20:10:00Z B12: no ack, duty failed 2026-09-23T20:09:52Z: wake to U1: failed (receipt msg-B12-70)
2026-09-23T20:10:00Z B12: no ack, director sent 2026-09-23T20:09:52Z
2026-09-23T20:10:05Z B05: no ack, duty sent 2026-09-23T20:10:02Z
2026-09-23T20:10:05Z B12: no ack, duty sent 2026-09-23T20:10:02Z
2026-09-23T20:10:05Z B13: no ack, duty sent 2026-09-23T20:10:02Z
2026-09-23T20:10:09Z B14: no ack, duty failed 2026-09-23T20:10:07Z: wake to U1: failed (receipt msg-B14-75)
2026-09-23T20:10:09Z B14: no ack, director sent 2026-09-23T20:10:07Z
2026-09-23T20:10:12Z B14: no ack, duty sent 2026-09-23T20:10:11Z
2026-09-23T20:10:24Z B02: no ack, director sent 2026-09-23T20:10:22Z
2026-09-23T20:10:24Z B03: no ack, director sent 2026-09-23T20:10:22Z
2026-09-23T20:10:27Z B04: no ack, director failed 2026-09-23T20:10:26Z: wake to D1: failed (receipt msg-B04-80)
2026-09-23T20:10:30Z B04: no ack, director sent 2026-09-23T20:10:29Z
2026-09-23T20:10:34Z B06: no ack, director sent 2026-09-23T20:10:32Z
2026-09-23T20:10:34Z B07: no ack, director sent 2026-09-23T20:10:32Z
2026-09-23T20:10:37Z B08: no ack, director sent 2026-09-23T20:10:36Z
2026-09-23T20:10:42Z B09: no ack, director failed 2026-09-23T20:10:41Z: wake to D1: failed (receipt msg-B09-85)
2026-09-23T20:10:47Z B09: no ack, director sent 2026-09-23T20:10:44Z
2026-09-23T20:10:47Z B10: no ack, director sent 2026-09-23T20:10:44Z
2026-09-23T20:10:47Z B11: no ack, director sent 2026-09-23T20:10:44Z
