2026-09-23T20:12:07Z outbox: {"ob-1742452a4ddfc5ca": "held-awaiting-receipt", "ob-34de95e750cefc85": "held-awaiting-receipt", "ob-375d464b00c5026a": "held-awaiting-receipt", "ob-38d71a3cd090c864": "held-awaiting-receipt", "ob-4e42e901391d71d1": "held-awaiting-receipt", "ob-69b858a9ec32d00c": "held-awaiting-receipt", "ob-6dd9463c6c35a813": "held-awaiting-receipt", "ob-77d36fe7f34152f0": "held-awaiting-receipt", "ob-85f60f2129549d3b": "held-awaiting-receipt", "ob-a8a74237b6082726": "held-awaiting-receipt", "ob-ab108edfbd6066d8": "held-awaiting-receipt", "ob-c077a15d7a86b821": "held-awaiting-receipt", "ob-d6581a0ed22e2678": "held-awaiting-receipt", "ob-e16b9072ae163f88": "held-awaiting-receipt"}
2026-09-23T20:13:41Z due B09-w1.json: kept for the next holder: interrupted-effect-failed wake to D1: failed (receipt msg-na-34)
2026-09-23T20:13:41Z due B10-w1.json: settled (interrupted) {"decision": "interrupted", "dedup": false, "timer": "deadline:B10-w1"}
2026-09-23T20:13:41Z due B11-w1.json: settled (interrupted) {"decision": "interrupted", "dedup": false, "timer": "deadline:B11-w1"}
2026-09-23T20:13:41Z due: lock budget spent; remaining markers go to the next holder
2026-09-23T20:13:41Z due backlog SATURATED: 4 deadline marker(s) unsettled for more than 20s (oldest 42s) (duty told within the last minute)
2026-09-23T20:13:41Z due: lock budget spent; remaining markers go to the next holder
2026-09-23T20:13:41Z due backlog SATURATED: 4 deadline marker(s) unsettled for more than 20s (oldest 42s) (duty told within the last minute)
2026-09-23T20:13:41Z yield: ledger-lock budget spent; the rest continues in the next pass
2026-09-23T20:13:45Z due B09-w1.json: settled (recovered) {"decision": "recovered", "dedup": false, "timer": "deadline:B09-w1"}
2026-09-23T20:13:45Z due B12-w1.json: kept for the next holder: interrupted-effect-failed wake to D1: failed (receipt msg-na-42)
2026-09-23T20:13:45Z due B13-w1.json: settled (interrupted) {"decision": "interrupted", "dedup": false, "timer": "deadline:B13-w1"}
2026-09-23T20:13:45Z due: lock budget spent; remaining markers go to the next holder
2026-09-23T20:13:45Z due backlog SATURATED: 2 deadline marker(s) unsettled for more than 20s (oldest 47s) (duty told within the last minute)
2026-09-23T20:13:45Z due: lock budget spent; remaining markers go to the next holder
2026-09-23T20:13:45Z due backlog SATURATED: 2 deadline marker(s) unsettled for more than 20s (oldest 47s) (duty told within the last minute)
2026-09-23T20:13:45Z yield: ledger-lock budget spent; the rest continues in the next pass
2026-09-23T20:13:47Z due B12-w1.json: settled (recovered) {"decision": "recovered", "dedup": false, "timer": "deadline:B12-w1"}
2026-09-23T20:13:47Z due B14-w1.json: settled (interrupted) {"decision": "interrupted", "dedup": false, "timer": "deadline:B14-w1"}
2026-09-23T20:14:31Z B01: no ack, duty failed 2026-09-23T20:14:29Z: wake to U1: failed (receipt msg-B01-60)
2026-09-23T20:14:31Z B01: no ack, director sent 2026-09-23T20:14:29Z
2026-09-23T20:14:38Z B01: no ack, duty sent 2026-09-23T20:14:33Z
2026-09-23T20:14:38Z B02: no ack, duty sent 2026-09-23T20:14:33Z
2026-09-23T20:14:38Z B03: no ack, duty sent 2026-09-23T20:14:33Z
2026-09-23T20:14:38Z B04: no ack, duty failed 2026-09-23T20:14:33Z: wake to U1: failed (receipt msg-B04-66)
2026-09-23T20:14:38Z B04: no ack, director sent 2026-09-23T20:14:33Z
2026-09-23T20:14:48Z B04: no ack, duty sent 2026-09-23T20:14:40Z
2026-09-23T20:14:48Z B05: no ack, duty sent 2026-09-23T20:14:40Z
2026-09-23T20:14:48Z B06: no ack, duty sent 2026-09-23T20:14:40Z
2026-09-23T20:14:48Z B07: no ack, duty failed 2026-09-23T20:14:40Z: wake to U1: failed (receipt msg-B07-72)
2026-09-23T20:14:48Z B07: no ack, director sent 2026-09-23T20:14:40Z
2026-09-23T20:14:48Z B08: no ack, duty sent 2026-09-23T20:14:40Z
2026-09-23T20:14:48Z B09: no ack, duty sent 2026-09-23T20:14:40Z
2026-09-23T20:14:48Z B10: no ack, duty sent 2026-09-23T20:14:40Z
2026-09-23T20:14:56Z B07: no ack, duty failed 2026-09-23T20:14:51Z: wake to U1: failed (receipt msg-B07-79)
2026-09-23T20:14:56Z B11: no ack, duty sent 2026-09-23T20:14:51Z
2026-09-23T20:14:56Z B12: no ack, duty sent 2026-09-23T20:14:51Z
2026-09-23T20:14:56Z B13: no ack, duty sent 2026-09-23T20:14:51Z
2026-09-23T20:14:56Z B14: no ack, duty sent 2026-09-23T20:14:51Z
2026-09-23T20:14:59Z B07: no ack, duty failed 2026-09-23T20:14:58Z: wake to U1: failed (receipt msg-B07-85)
2026-09-23T20:15:02Z B07: no ack, duty sent 2026-09-23T20:15:01Z
2026-09-23T20:15:31Z B02: no ack, director sent 2026-09-23T20:15:30Z
2026-09-23T20:15:34Z B03: no ack, director sent 2026-09-23T20:15:33Z
2026-09-23T20:15:38Z B05: no ack, director sent 2026-09-23T20:15:36Z
2026-09-23T20:15:38Z B06: no ack, director failed 2026-09-23T20:15:36Z: wake to D1: failed (receipt msg-B06-90)
2026-09-23T20:15:44Z B06: no ack, director sent 2026-09-23T20:15:40Z
2026-09-23T20:15:44Z B08: no ack, director sent 2026-09-23T20:15:40Z
2026-09-23T20:15:44Z B09: no ack, director sent 2026-09-23T20:15:40Z
2026-09-23T20:15:44Z B10: no ack, director sent 2026-09-23T20:15:40Z
2026-09-23T20:15:49Z B11: no ack, director failed 2026-09-23T20:15:46Z: wake to D1: failed (receipt msg-B11-95)
2026-09-23T20:15:49Z B12: no ack, director sent 2026-09-23T20:15:46Z
2026-09-23T20:15:49Z B13: no ack, director sent 2026-09-23T20:15:46Z
2026-09-23T20:15:53Z B11: no ack, director sent 2026-09-23T20:15:51Z
2026-09-23T20:15:53Z B14: no ack, director sent 2026-09-23T20:15:51Z
