1790176319.603016511 systemctl cg=/user.slice/user-1000.slice/user@1000.service/app.slice/p11live-driver-W081159.scope :: --user daemon-reload
1790176319.606179692 agent-loop cg=/user.slice/user-1000.slice/user@1000.service/app.slice/p11live-driver-W081159.scope :: check --config /tmp/p11-f2-TzQQ/root/fxW081159.json
1790176319.609511950 wake cg=/user.slice/user-1000.slice/user@1000.service/app.slice/p11live-driver-W081159.scope :: D1 When a message starting "[agent-loop liveness]" reaches you during P10 live, run the exact
liveness-ack command it contains, replacing "WHAT YOU WILL DO" with "P10 live witness: observed
<state>, investigating", and keep --within 10m. Then end your turn. Nothing else.
1790176319.612893540 wake cg=/user.slice/user-1000.slice/user@1000.service/app.slice/p11live-driver-W081159.scope :: U1 When a message starting "[agent-loop liveness]" reaches you during P10 live, run the exact
liveness-ack command it contains, replacing "WHAT YOU WILL DO" with "P10 live witness: observed
<state>, investigating", and keep --within 10m. Then end your turn. Nothing else.
1790176319.616136150 systemctl cg=/user.slice/user-1000.slice/user@1000.service/app.slice/p11live-driver-W081159.scope :: --user start agent-loop-fxW081159.service agent-loop-liveness-fxW081159.timer
1790176319.634066064 systemctl cg=/user.slice/user-1000.slice/user@1000.service/app.slice/p11live-driver-W081159.scope :: --user show agent-loop-fxW081159.service --timestamp=unix -p ActiveState,SubState,Result,NRestarts,InvocationID,MainPID,ExecMainStartTimestamp
1790176319.636171285 agent-loop cg=/user.slice/user-1000.slice/user@1000.service/app.slice/p11live-driver-W081159.scope :: expose --config /tmp/p11-f2-TzQQ/root/fxW081159.json --json
1790176319.637904039 journalctl cg=/user.slice/user-1000.slice/user@1000.service/app.slice/p11live-driver-W081159.scope :: --user -u agent-loop-fxW081159.service -u agent-loop-liveness-fxW081159.service --since -10min -o short-iso-precise --no-pager
1790176319.642379747 agent-loop cg=/user.slice/user-1000.slice/user@1000.service/app.slice/p11live-driver-W081159.scope :: dispatch --config /tmp/p11-f2-TzQQ/root/fxW081159.json --qid L1-W081159 --worker fxw --verifier fxv --task @/tmp/p11-f2-TzQQ/root/tasks/L1-W081159-l-worker.md --verify-task @/tmp/p11-f2-TzQQ/root/tasks/L1-W081159-l-verify.md --duration 10m --verify-window 10m
1790176319.644998289 agent-loop cg=/user.slice/user-1000.slice/user@1000.service/app.slice/p11live-driver-W081159.scope :: expose --config /tmp/p11-f2-TzQQ/root/fxW081159.json --json
1790176324.669360391 agent-loop cg=/user.slice/user-1000.slice/user@1000.service/app.slice/p11live-driver-W081159.scope :: expose --config /tmp/p11-f2-TzQQ/root/fxW081159.json --json
1790176329.694585794 agent-loop cg=/user.slice/user-1000.slice/user@1000.service/app.slice/p11live-driver-W081159.scope :: expose --config /tmp/p11-f2-TzQQ/root/fxW081159.json --json
1790176334.722268525 agent-loop cg=/user.slice/user-1000.slice/user@1000.service/app.slice/p11live-driver-W081159.scope :: expose --config /tmp/p11-f2-TzQQ/root/fxW081159.json --json
1790176339.750378406 agent-loop cg=/user.slice/user-1000.slice/user@1000.service/app.slice/p11live-driver-W081159.scope :: expose --config /tmp/p11-f2-TzQQ/root/fxW081159.json --json
1790176344.777754404 agent-loop cg=/user.slice/user-1000.slice/user@1000.service/app.slice/p11live-driver-W081159.scope :: expose --config /tmp/p11-f2-TzQQ/root/fxW081159.json --json
1790176349.807019526 agent-loop cg=/user.slice/user-1000.slice/user@1000.service/app.slice/p11live-driver-W081159.scope :: expose --config /tmp/p11-f2-TzQQ/root/fxW081159.json --json
1790176350.030331325 systemctl cg=/user.slice/user-1000.slice/user@1000.service/app.slice/p11live-wallstop-W081159.service :: --user stop agent-loop-liveness-fxW081159.timer agent-loop-liveness-fxW081159.service agent-loop-fxW081159.service
1790176350.033034525 systemctl cg=/user.slice/user-1000.slice/user@1000.service/app.slice/p11live-wallstop-W081159.service :: --user list-units --all --plain --no-legend agent-loop-fxW081159-*
1790176350.035758835 systemctl cg=/user.slice/user-1000.slice/user@1000.service/app.slice/p11live-wallstop-W081159.service :: --user reset-failed agent-loop-fxW081159* agent-loop-liveness-fxW081159*
1790176350.042755632 systemctl cg=/user.slice/user-1000.slice/user@1000.service/app.slice/p11live-wallstop-W081159.service :: --user daemon-reload
1790176350.046007470 agent-deck cg=/user.slice/user-1000.slice/user@1000.service/app.slice/p11live-wallstop-W081159.service :: session stop W1
1790176350.049148119 agent-deck cg=/user.slice/user-1000.slice/user@1000.service/app.slice/p11live-wallstop-W081159.service :: session remove W1
1790176350.052272427 agent-deck cg=/user.slice/user-1000.slice/user@1000.service/app.slice/p11live-wallstop-W081159.service :: session stop V1
1790176350.055377811 agent-deck cg=/user.slice/user-1000.slice/user@1000.service/app.slice/p11live-wallstop-W081159.service :: session remove V1
1790176350.058441486 agent-deck cg=/user.slice/user-1000.slice/user@1000.service/app.slice/p11live-wallstop-W081159.service :: session stop D1
1790176350.061053165 agent-deck cg=/user.slice/user-1000.slice/user@1000.service/app.slice/p11live-wallstop-W081159.service :: session remove D1
1790176350.064175670 agent-deck cg=/user.slice/user-1000.slice/user@1000.service/app.slice/p11live-wallstop-W081159.service :: session stop U1
1790176350.067203057 agent-deck cg=/user.slice/user-1000.slice/user@1000.service/app.slice/p11live-wallstop-W081159.service :: session remove U1
1790176369.584769696 systemctl cg=/user.slice/user-1000.slice/user@1000.service/user.slice/libpod-561fe9b30e6156873ce8dafb18085f987111d653180530e1ab5a57ddac2c9851.scope/container :: --user stop agent-loop-liveness-fxW081159.timer agent-loop-liveness-fxW081159.service agent-loop-fxW081159.service
1790176369.587877183 systemctl cg=/user.slice/user-1000.slice/user@1000.service/user.slice/libpod-561fe9b30e6156873ce8dafb18085f987111d653180530e1ab5a57ddac2c9851.scope/container :: --user list-units --all --plain --no-legend agent-loop-fxW081159-*
1790176369.590524950 systemctl cg=/user.slice/user-1000.slice/user@1000.service/user.slice/libpod-561fe9b30e6156873ce8dafb18085f987111d653180530e1ab5a57ddac2c9851.scope/container :: --user reset-failed agent-loop-fxW081159* agent-loop-liveness-fxW081159*
1790176369.597861694 systemctl cg=/user.slice/user-1000.slice/user@1000.service/user.slice/libpod-561fe9b30e6156873ce8dafb18085f987111d653180530e1ab5a57ddac2c9851.scope/container :: --user daemon-reload
1790176369.600921391 agent-deck cg=/user.slice/user-1000.slice/user@1000.service/user.slice/libpod-561fe9b30e6156873ce8dafb18085f987111d653180530e1ab5a57ddac2c9851.scope/container :: session stop W1
1790176369.603987170 agent-deck cg=/user.slice/user-1000.slice/user@1000.service/user.slice/libpod-561fe9b30e6156873ce8dafb18085f987111d653180530e1ab5a57ddac2c9851.scope/container :: session remove W1
1790176369.607161673 agent-deck cg=/user.slice/user-1000.slice/user@1000.service/user.slice/libpod-561fe9b30e6156873ce8dafb18085f987111d653180530e1ab5a57ddac2c9851.scope/container :: session stop V1
1790176369.610297242 agent-deck cg=/user.slice/user-1000.slice/user@1000.service/user.slice/libpod-561fe9b30e6156873ce8dafb18085f987111d653180530e1ab5a57ddac2c9851.scope/container :: session remove V1
1790176369.613426631 agent-deck cg=/user.slice/user-1000.slice/user@1000.service/user.slice/libpod-561fe9b30e6156873ce8dafb18085f987111d653180530e1ab5a57ddac2c9851.scope/container :: session stop D1
1790176369.616493281 agent-deck cg=/user.slice/user-1000.slice/user@1000.service/user.slice/libpod-561fe9b30e6156873ce8dafb18085f987111d653180530e1ab5a57ddac2c9851.scope/container :: session remove D1
1790176369.619516080 agent-deck cg=/user.slice/user-1000.slice/user@1000.service/user.slice/libpod-561fe9b30e6156873ce8dafb18085f987111d653180530e1ab5a57ddac2c9851.scope/container :: session stop U1
1790176369.622613288 agent-deck cg=/user.slice/user-1000.slice/user@1000.service/user.slice/libpod-561fe9b30e6156873ce8dafb18085f987111d653180530e1ab5a57ddac2c9851.scope/container :: session remove U1
